Archive member included to satisfy reference by file (symbol)

C:/ProgramData/MATLAB/SupportPackages/R2023a/3P.instrset/mbedlibrary-stm.instrset/0f02307a0877/TARGET_KL25Z/TOOLCHAIN_GCC_ARM/libmbed.a(FilePath.o)
                              C:/PROGRA~3/MATLAB/SUPPOR~1/R2023a/3P778C~1.INS/MBEDLI~1.INS/0F0230~1/TARGET_KL25Z/TOOLCHAIN_GCC_ARM/mbed_retarget.o (mbed::FilePath::FilePath(char const*))
C:/ProgramData/MATLAB/SupportPackages/R2023a/3P.instrset/mbedlibrary-stm.instrset/0f02307a0877/TARGET_KL25Z/TOOLCHAIN_GCC_ARM/libmbed.a(FileBase.o)
                              C:/ProgramData/MATLAB/SupportPackages/R2023a/3P.instrset/mbedlibrary-stm.instrset/0f02307a0877/TARGET_KL25Z/TOOLCHAIN_GCC_ARM/libmbed.a(FilePath.o) (mbed::FileBase::getPathType())
C:/ProgramData/MATLAB/SupportPackages/R2023a/3P.instrset/mbedlibrary-stm.instrset/0f02307a0877/TARGET_KL25Z/TOOLCHAIN_GCC_ARM/libmbed.a(mbed_gpio.o)
                              C:/PROGRA~3/MATLAB/SUPPOR~1/R2023a/3P778C~1.INS/MBEDLI~1.INS/0F0230~1/TARGET_KL25Z/TOOLCHAIN_GCC_ARM/mbed_overrides.o (gpio_init_in)
C:/ProgramData/MATLAB/SupportPackages/R2023a/3P.instrset/mbedlibrary-stm.instrset/0f02307a0877/TARGET_KL25Z/TOOLCHAIN_GCC_ARM/libmbed.a(mbed_us_ticker_api.o)
                              C:/PROGRA~3/MATLAB/SUPPOR~1/R2023a/3P778C~1.INS/MBEDLI~1.INS/0F0230~1/TARGET_KL25Z/TOOLCHAIN_GCC_ARM/us_ticker.o (us_ticker_irq_handler)
C:/ProgramData/MATLAB/SupportPackages/R2023a/3P.instrset/mbedlibrary-stm.instrset/0f02307a0877/TARGET_KL25Z/TOOLCHAIN_GCC_ARM/libmbed.a(mbed_ticker_api.o)
                              C:/ProgramData/MATLAB/SupportPackages/R2023a/3P.instrset/mbedlibrary-stm.instrset/0f02307a0877/TARGET_KL25Z/TOOLCHAIN_GCC_ARM/libmbed.a(mbed_us_ticker_api.o) (ticker_irq_handler)
C:/ProgramData/MATLAB/SupportPackages/R2023a/3P.instrset/mbedlibrary-stm.instrset/0f02307a0877/TARGET_KL25Z/TOOLCHAIN_GCC_ARM/libmbed.a(mbed_assert.o)
                              C:/PROGRA~3/MATLAB/SUPPOR~1/R2023a/3P778C~1.INS/MBEDLI~1.INS/0F0230~1/TARGET_KL25Z/TOOLCHAIN_GCC_ARM/mbed_retarget.o (mbed_assert_internal)
C:/ProgramData/MATLAB/SupportPackages/R2023a/3P.instrset/mbedlibrary-stm.instrset/0f02307a0877/TARGET_KL25Z/TOOLCHAIN_GCC_ARM/libmbed.a(Serial.o)
                              BufferedSerial.o (mbed::Serial::unlock())
C:/ProgramData/MATLAB/SupportPackages/R2023a/3P.instrset/mbedlibrary-stm.instrset/0f02307a0877/TARGET_KL25Z/TOOLCHAIN_GCC_ARM/libmbed.a(Stream.o)
                              BufferedSerial.o (mbed::Stream::write(void const*, unsigned int))
C:/ProgramData/MATLAB/SupportPackages/R2023a/3P.instrset/mbedlibrary-stm.instrset/0f02307a0877/TARGET_KL25Z/TOOLCHAIN_GCC_ARM/libmbed.a(mbed_pinmap_common.o)
                              C:/PROGRA~3/MATLAB/SUPPOR~1/R2023a/3P778C~1.INS/MBEDLI~1.INS/0F0230~1/TARGET_KL25Z/TOOLCHAIN_GCC_ARM/analogin_api.o (pinmap_pinout)
C:/ProgramData/MATLAB/SupportPackages/R2023a/3P.instrset/mbedlibrary-stm.instrset/0f02307a0877/TARGET_KL25Z/TOOLCHAIN_GCC_ARM/libmbed.a(mbed_error.o)
                              C:/PROGRA~3/MATLAB/SUPPOR~1/R2023a/3P778C~1.INS/MBEDLI~1.INS/0F0230~1/TARGET_KL25Z/TOOLCHAIN_GCC_ARM/mbed_retarget.o (error)
C:/ProgramData/MATLAB/SupportPackages/R2023a/3P.instrset/mbedlibrary-stm.instrset/0f02307a0877/TARGET_KL25Z/TOOLCHAIN_GCC_ARM/libmbed.a(mbed_critical.o)
                              C:/PROGRA~3/MATLAB/SUPPOR~1/R2023a/3P778C~1.INS/MBEDLI~1.INS/0F0230~1/TARGET_KL25Z/TOOLCHAIN_GCC_ARM/mbed_board.o (core_util_critical_section_enter)
C:/ProgramData/MATLAB/SupportPackages/R2023a/3P.instrset/mbedlibrary-stm.instrset/0f02307a0877/TARGET_KL25Z/TOOLCHAIN_GCC_ARM/libmbed.a(mbed_wait_api_no_rtos.o)
                              C:/PROGRA~3/MATLAB/SUPPOR~1/R2023a/3P778C~1.INS/MBEDLI~1.INS/0F0230~1/TARGET_KL25Z/TOOLCHAIN_GCC_ARM/mbed_board.o (wait_ms)
C:/ProgramData/MATLAB/SupportPackages/R2023a/3P.instrset/mbedlibrary-stm.instrset/0f02307a0877/TARGET_KL25Z/TOOLCHAIN_GCC_ARM/libmbed.a(mbed_interface.o)
                              C:/PROGRA~3/MATLAB/SUPPOR~1/R2023a/3P778C~1.INS/MBEDLI~1.INS/0F0230~1/TARGET_KL25Z/TOOLCHAIN_GCC_ARM/mbed_retarget.o (mbed_interface_connected)
C:/ProgramData/MATLAB/SupportPackages/R2023a/3P.instrset/mbedlibrary-stm.instrset/0f02307a0877/TARGET_KL25Z/TOOLCHAIN_GCC_ARM/libmbed.a(SerialBase.o)
                              C:/ProgramData/MATLAB/SupportPackages/R2023a/3P.instrset/mbedlibrary-stm.instrset/0f02307a0877/TARGET_KL25Z/TOOLCHAIN_GCC_ARM/libmbed.a(Serial.o) (mbed::SerialBase::_base_getc())
C:/ProgramData/MATLAB/SupportPackages/R2023a/3P.instrset/mbedlibrary-stm.instrset/0f02307a0877/TARGET_KL25Z/TOOLCHAIN_GCC_ARM/libmbed.a(mbed_semihost_api.o)
                              C:/PROGRA~3/MATLAB/SUPPOR~1/R2023a/3P778C~1.INS/MBEDLI~1.INS/0F0230~1/TARGET_KL25Z/TOOLCHAIN_GCC_ARM/mbed_retarget.o (semihost_exit)
[...]
Memory Configuration

Name             Origin             Length             Attributes
VECTORS          0x00000000         0x00000400         xr
FLASH_PROTECTION 0x00000400         0x00000010         xr
FLASH            0x00000410         0x0001fbf0         xr
RAM              0x1ffff0c0         0x00003f40         xrw
*default*        0x00000000         0xffffffff

Linker script and memory map

LOAD c:/programdata/matlab/supportpackages/r2023a/3p.instrset/gnuarm-armcortex.instrset/win/bin/../lib/gcc/arm-none-eabi/9.3.1/thumb/v6-m/nofp/crti.o
LOAD c:/programdata/matlab/supportpackages/r2023a/3p.instrset/gnuarm-armcortex.instrset/win/bin/../lib/gcc/arm-none-eabi/9.3.1/thumb/v6-m/nofp/crtbegin.o
LOAD c:/programdata/matlab/supportpackages/r2023a/3p.instrset/gnuarm-armcortex.instrset/win/bin/../lib/gcc/arm-none-eabi/9.3.1/../../../../arm-none-eabi/lib/thumb/v6-m/nofp/crt0.o
LOAD C:/PROGRA~3/MATLAB/SUPPOR~1/R2023a/3P778C~1.INS/MBEDLI~1.INS/0F0230~1/TARGET_KL25Z/TOOLCHAIN_GCC_ARM/cmsis_nvic.o
LOAD C:/PROGRA~3/MATLAB/SUPPOR~1/R2023a/3P778C~1.INS/MBEDLI~1.INS/0F0230~1/TARGET_KL25Z/TOOLCHAIN_GCC_ARM/startup_MKL25Z4.o
LOAD C:/PROGRA~3/MATLAB/SUPPOR~1/R2023a/3P778C~1.INS/MBEDLI~1.INS/0F0230~1/TARGET_KL25Z/TOOLCHAIN_GCC_ARM/mbed_retarget.o
LOAD C:/PROGRA~3/MATLAB/SUPPOR~1/R2023a/3P778C~1.INS/MBEDLI~1.INS/0F0230~1/TARGET_KL25Z/TOOLCHAIN_GCC_ARM/system_MKL25Z4.o
LOAD C:/PROGRA~3/MATLAB/SUPPOR~1/R2023a/3P778C~1.INS/MBEDLI~1.INS/0F0230~1/TARGET_KL25Z/TOOLCHAIN_GCC_ARM/analogin_api.o
LOAD C:/PROGRA~3/MATLAB/SUPPOR~1/R2023a/3P778C~1.INS/MBEDLI~1.INS/0F0230~1/TARGET_KL25Z/TOOLCHAIN_GCC_ARM/analogout_api.o
LOAD C:/PROGRA~3/MATLAB/SUPPOR~1/R2023a/3P778C~1.INS/MBEDLI~1.INS/0F0230~1/TARGET_KL25Z/TOOLCHAIN_GCC_ARM/gpio_irq_api.o
LOAD C:/PROGRA~3/MATLAB/SUPPOR~1/R2023a/3P778C~1.INS/MBEDLI~1.INS/0F0230~1/TARGET_KL25Z/TOOLCHAIN_GCC_ARM/gpio_api.o
LOAD C:/PROGRA~3/MATLAB/SUPPOR~1/R2023a/3P778C~1.INS/MBEDLI~1.INS/0F0230~1/TARGET_KL25Z/TOOLCHAIN_GCC_ARM/i2c_api.o
LOAD C:/PROGRA~3/MATLAB/SUPPOR~1/R2023a/3P778C~1.INS/MBEDLI~1.INS/0F0230~1/TARGET_KL25Z/TOOLCHAIN_GCC_ARM/mbed_board.o
LOAD C:/PROGRA~3/MATLAB/SUPPOR~1/R2023a/3P778C~1.INS/MBEDLI~1.INS/0F0230~1/TARGET_KL25Z/TOOLCHAIN_GCC_ARM/mbed_overrides.o
LOAD C:/PROGRA~3/MATLAB/SUPPOR~1/R2023a/3P778C~1.INS/MBEDLI~1.INS/0F0230~1/TARGET_KL25Z/TOOLCHAIN_GCC_ARM/PeripheralPins.o
LOAD C:/PROGRA~3/MATLAB/SUPPOR~1/R2023a/3P778C~1.INS/MBEDLI~1.INS/0F0230~1/TARGET_KL25Z/TOOLCHAIN_GCC_ARM/pinmap.o
LOAD C:/PROGRA~3/MATLAB/SUPPOR~1/R2023a/3P778C~1.INS/MBEDLI~1.INS/0F0230~1/TARGET_KL25Z/TOOLCHAIN_GCC_ARM/port_api.o
LOAD C:/PROGRA~3/MATLAB/SUPPOR~1/R2023a/3P778C~1.INS/MBEDLI~1.INS/0F0230~1/TARGET_KL25Z/TOOLCHAIN_GCC_ARM/pwmout_api.o
LOAD C:/PROGRA~3/MATLAB/SUPPOR~1/R2023a/3P778C~1.INS/MBEDLI~1.INS/0F0230~1/TARGET_KL25Z/TOOLCHAIN_GCC_ARM/rtc_api.o
LOAD C:/PROGRA~3/MATLAB/SUPPOR~1/R2023a/3P778C~1.INS/MBEDLI~1.INS/0F0230~1/TARGET_KL25Z/TOOLCHAIN_GCC_ARM/serial_api.o
LOAD C:/PROGRA~3/MATLAB/SUPPOR~1/R2023a/3P778C~1.INS/MBEDLI~1.INS/0F0230~1/TARGET_KL25Z/TOOLCHAIN_GCC_ARM/sleep.o
LOAD C:/PROGRA~3/MATLAB/SUPPOR~1/R2023a/3P778C~1.INS/MBEDLI~1.INS/0F0230~1/TARGET_KL25Z/TOOLCHAIN_GCC_ARM/spi_api.o
LOAD C:/PROGRA~3/MATLAB/SUPPOR~1/R2023a/3P778C~1.INS/MBEDLI~1.INS/0F0230~1/TARGET_KL25Z/TOOLCHAIN_GCC_ARM/us_ticker.o
LOAD rgbled_wrapper.o
LOAD ert_main.o
LOAD untitled.o
LOAD untitled_data.o
LOAD BoardInit.o
LOAD BufferedSerial.o
LOAD SysTickScheduler.o
LOAD m0m1m0plus_multitasking.o
LOAD C:/ProgramData/MATLAB/SupportPackages/R2023a/3P.instrset/mbedlibrary-stm.instrset/0f02307a0877/TARGET_KL25Z/TOOLCHAIN_GCC_ARM/libmbed.a
LOAD C:/ProgramData/MATLAB/SupportPackages/R2023a/3P.instrset/cmsis.instrset/CMSIS/DSP/Lib/GCC/libarm_cortexM0l_math.a
LOAD c:/programdata/matlab/supportpackages/r2023a/3p.instrset/gnuarm-armcortex.instrset/win/bin/../lib/gcc/arm-none-eabi/9.3.1/../../../../arm-none-eabi/lib/thumb/v6-m/nofp\libstdc++_nano.a
LOAD c:/programdata/matlab/supportpackages/r2023a/3p.instrset/gnuarm-armcortex.instrset/win/bin/../lib/gcc/arm-none-eabi/9.3.1/../../../../arm-none-eabi/lib/thumb/v6-m/nofp\libm.a
START GROUP
LOAD c:/programdata/matlab/supportpackages/r2023a/3p.instrset/gnuarm-armcortex.instrset/win/bin/../lib/gcc/arm-none-eabi/9.3.1/thumb/v6-m/nofp\libgcc.a
LOAD c:/programdata/matlab/supportpackages/r2023a/3p.instrset/gnuarm-armcortex.instrset/win/bin/../lib/gcc/arm-none-eabi/9.3.1/../../../../arm-none-eabi/lib/thumb/v6-m/nofp\libc_nano.a
END GROUP
START GROUP
LOAD c:/programdata/matlab/supportpackages/r2023a/3p.instrset/gnuarm-armcortex.instrset/win/bin/../lib/gcc/arm-none-eabi/9.3.1/thumb/v6-m/nofp\libgcc.a
LOAD c:/programdata/matlab/supportpackages/r2023a/3p.instrset/gnuarm-armcortex.instrset/win/bin/../lib/gcc/arm-none-eabi/9.3.1/../../../../arm-none-eabi/lib/thumb/v6-m/nofp\libc_nano.a
LOAD c:/programdata/matlab/supportpackages/r2023a/3p.instrset/gnuarm-armcortex.instrset/win/bin/../lib/gcc/arm-none-eabi/9.3.1/../../../../arm-none-eabi/lib/thumb/v6-m/nofp\libnosys.a
END GROUP
START GROUP
LOAD c:/programdata/matlab/supportpackages/r2023a/3p.instrset/gnuarm-armcortex.instrset/win/bin/../lib/gcc/arm-none-eabi/9.3.1/thumb/v6-m/nofp\libgcc.a
LOAD c:/programdata/matlab/supportpackages/r2023a/3p.instrset/gnuarm-armcortex.instrset/win/bin/../lib/gcc/arm-none-eabi/9.3.1/../../../../arm-none-eabi/lib/thumb/v6-m/nofp\libc_nano.a
LOAD c:/programdata/matlab/supportpackages/r2023a/3p.instrset/gnuarm-armcortex.instrset/win/bin/../lib/gcc/arm-none-eabi/9.3.1/../../../../arm-none-eabi/lib/thumb/v6-m/nofp\libnosys.a
END GROUP
LOAD c:/programdata/matlab/supportpackages/r2023a/3p.instrset/gnuarm-armcortex.instrset/win/bin/../lib/gcc/arm-none-eabi/9.3.1/thumb/v6-m/nofp/crtend.o
LOAD c:/programdata/matlab/supportpackages/r2023a/3p.instrset/gnuarm-armcortex.instrset/win/bin/../lib/gcc/arm-none-eabi/9.3.1/thumb/v6-m/nofp/crtn.o

.isr_vector     0x00000000       0xf4
                0x00000000                __vector_table = .
 *(.vector_table)
 .vector_table  0x00000000       0xc0 C:/PROGRA~3/MATLAB/SUPPOR~1/R2023a/3P778C~1.INS/MBEDLI~1.INS/0F0230~1/TARGET_KL25Z/TOOLCHAIN_GCC_ARM/startup_MKL25Z4.o
                0x00000000                __isr_vector
 *(.text.Reset_Handler)
 .text.Reset_Handler
                0x000000c0       0x34 C:/PROGRA~3/MATLAB/SUPPOR~1/R2023a/3P778C~1.INS/MBEDLI~1.INS/0F0230~1/TARGET_KL25Z/TOOLCHAIN_GCC_ARM/startup_MKL25Z4.o
                0x000000c0                Reset_Handler
 *(.text.System_Init)
                0x000000f4                . = ALIGN (0x4)

.flash_protect  0x00000400       0x10
 *(.kinetis_flash_config_field)
 .kinetis_flash_config_field
                0x00000400       0x10 C:/PROGRA~3/MATLAB/SUPPOR~1/R2023a/3P778C~1.INS/MBEDLI~1.INS/0F0230~1/TARGET_KL25Z/TOOLCHAIN_GCC_ARM/startup_MKL25Z4.o
                0x00000410                . = ALIGN (0x4)

.text           0x00000410     0x5db8
 *(.text*)
 .text          0x00000410       0x48 c:/programdata/matlab/supportpackages/r2023a/3p.instrset/gnuarm-armcortex.instrset/win/bin/../lib/gcc/arm-none-eabi/9.3.1/thumb/v6-m/nofp/crtbegin.o
 .text          0x00000458       0x80 c:/programdata/matlab/supportpackages/r2023a/3p.instrset/gnuarm-armcortex.instrset/win/bin/../lib/gcc/arm-none-eabi/9.3.1/../../../../arm-none-eabi/lib/thumb/v6-m/nofp/crt0.o
                0x00000458                _stack_init
                0x00000464                _start
                0x00000464                _mainCRTStartup
 .text.NVIC_SetVector
                0x000004d8       0x34 C:/PROGRA~3/MATLAB/SUPPOR~1/R2023a/3P778C~1.INS/MBEDLI~1.INS/0F0230~1/TARGET_KL25Z/TOOLCHAIN_GCC_ARM/cmsis_nvic.o
                0x000004d8                NVIC_SetVector
 .text          0x0000050c        0xc C:/PROGRA~3/MATLAB/SUPPOR~1/R2023a/3P778C~1.INS/MBEDLI~1.INS/0F0230~1/TARGET_KL25Z/TOOLCHAIN_GCC_ARM/startup_MKL25Z4.o
                0x0000050e                HardFault_Handler
                0x00000512                PendSV_Handler
                0x00000516                I2C0_IRQHandler
                0x00000516                I2C1_IRQHandler
                0x00000516                UART1_IRQHandler
                0x00000516                DMA2_IRQHandler
                0x00000516                TPM0_IRQHandler
                0x00000516                TSI0_IRQHandler
                0x00000516                UART0_IRQHandler
                0x00000516                ADC0_IRQHandler
                0x00000516                SPI1_IRQHandler
                0x00000516                PORTD_IRQHandler
                0x00000516                TPM2_IRQHandler
                0x00000516                LPTimer_IRQHandler
                0x00000516                RTC_IRQHandler
                0x00000516                RTC_Seconds_IRQHandler
                0x00000516                MCG_IRQHandler
                0x00000516                UART2_IRQHandler
                0x00000516                Default_Handler
                0x00000516                USB0_IRQHandler
                0x00000516                LLW_IRQHandler
                0x00000516                PIT_IRQHandler
                0x00000516                DMA3_IRQHandler
                0x00000516                DMA0_IRQHandler
                0x00000516                DAC0_IRQHandler
                0x00000516                DEF_IRQHandler
                0x00000516                TPM1_IRQHandler
                0x00000516                LVD_LVW_IRQHandler
                0x00000516                SPI0_IRQHandler
                0x00000516                PORTA_IRQHandler
                0x00000516                FTFA_IRQHandler
                0x00000516                CMP0_IRQHandler
                0x00000516                DMA1_IRQHandler
 .text._ZL11init_serialv
                0x00000518       0x2c C:/PROGRA~3/MATLAB/SUPPOR~1/R2023a/3P778C~1.INS/MBEDLI~1.INS/0F0230~1/TARGET_KL25Z/TOOLCHAIN_GCC_ARM/mbed_retarget.o
 .text.mbed_sdk_init
                0x00000544        0x2 C:/PROGRA~3/MATLAB/SUPPOR~1/R2023a/3P778C~1.INS/MBEDLI~1.INS/0F0230~1/TARGET_KL25Z/TOOLCHAIN_GCC_ARM/mbed_retarget.o
                0x00000544                mbed_sdk_init
 *fill*         0x00000546        0x2 
 .text._close   0x00000548       0x40 C:/PROGRA~3/MATLAB/SUPPOR~1/R2023a/3P778C~1.INS/MBEDLI~1.INS/0F0230~1/TARGET_KL25Z/TOOLCHAIN_GCC_ARM/mbed_retarget.o
                0x00000548                _close
 .text._write   0x00000588       0x6c C:/PROGRA~3/MATLAB/SUPPOR~1/R2023a/3P778C~1.INS/MBEDLI~1.INS/0F0230~1/TARGET_KL25Z/TOOLCHAIN_GCC_ARM/mbed_retarget.o
                0x00000588                _write
 .text._read    0x000005f4       0x64 C:/PROGRA~3/MATLAB/SUPPOR~1/R2023a/3P778C~1.INS/MBEDLI~1.INS/0F0230~1/TARGET_KL25Z/TOOLCHAIN_GCC_ARM/mbed_retarget.o
                0x000005f4                _read
 .text._lseek   0x00000658       0x38 C:/PROGRA~3/MATLAB/SUPPOR~1/R2023a/3P778C~1.INS/MBEDLI~1.INS/0F0230~1/TARGET_KL25Z/TOOLCHAIN_GCC_ARM/mbed_retarget.o
                0x00000658                _lseek
 .text.software_init_hook_rtos
                0x00000690        0x2 C:/PROGRA~3/MATLAB/SUPPOR~1/R2023a/3P778C~1.INS/MBEDLI~1.INS/0F0230~1/TARGET_KL25Z/TOOLCHAIN_GCC_ARM/mbed_retarget.o
                0x00000690                software_init_hook_rtos
 .text.software_init_hook
                0x00000692        0xc C:/PROGRA~3/MATLAB/SUPPOR~1/R2023a/3P778C~1.INS/MBEDLI~1.INS/0F0230~1/TARGET_KL25Z/TOOLCHAIN_GCC_ARM/mbed_retarget.o
                0x00000692                software_init_hook
 *fill*         0x0000069e        0x2 
 .text._sbrk    0x000006a0       0x44 C:/PROGRA~3/MATLAB/SUPPOR~1/R2023a/3P778C~1.INS/MBEDLI~1.INS/0F0230~1/TARGET_KL25Z/TOOLCHAIN_GCC_ARM/mbed_retarget.o
                0x000006a0                _sbrk
 .text._exit    0x000006e4       0x30 C:/PROGRA~3/MATLAB/SUPPOR~1/R2023a/3P778C~1.INS/MBEDLI~1.INS/0F0230~1/TARGET_KL25Z/TOOLCHAIN_GCC_ARM/mbed_retarget.o
                0x000006e4                _exit
 .text.__rtos_malloc_lock
                0x00000714        0x2 C:/PROGRA~3/MATLAB/SUPPOR~1/R2023a/3P778C~1.INS/MBEDLI~1.INS/0F0230~1/TARGET_KL25Z/TOOLCHAIN_GCC_ARM/mbed_retarget.o
                0x00000714                __rtos_malloc_lock
 .text.__rtos_malloc_unlock
                0x00000716        0x2 C:/PROGRA~3/MATLAB/SUPPOR~1/R2023a/3P778C~1.INS/MBEDLI~1.INS/0F0230~1/TARGET_KL25Z/TOOLCHAIN_GCC_ARM/mbed_retarget.o
                0x00000716                __rtos_malloc_unlock
 .text.__malloc_lock
                0x00000718        0x8 C:/PROGRA~3/MATLAB/SUPPOR~1/R2023a/3P778C~1.INS/MBEDLI~1.INS/0F0230~1/TARGET_KL25Z/TOOLCHAIN_GCC_ARM/mbed_retarget.o
                0x00000718                __malloc_lock
 .text.__malloc_unlock
                0x00000720        0x8 C:/PROGRA~3/MATLAB/SUPPOR~1/R2023a/3P778C~1.INS/MBEDLI~1.INS/0F0230~1/TARGET_KL25Z/TOOLCHAIN_GCC_ARM/mbed_retarget.o
                0x00000720                __malloc_unlock
 .text.SystemInit
                0x00000728       0xa4 C:/PROGRA~3/MATLAB/SUPPOR~1/R2023a/3P778C~1.INS/MBEDLI~1.INS/0F0230~1/TARGET_KL25Z/TOOLCHAIN_GCC_ARM/system_MKL25Z4.o
                0x00000728                SystemInit
 .text.gpio_set
                0x000007cc       0x2c C:/PROGRA~3/MATLAB/SUPPOR~1/R2023a/3P778C~1.INS/MBEDLI~1.INS/0F0230~1/TARGET_KL25Z/TOOLCHAIN_GCC_ARM/gpio_api.o
                0x000007cc                gpio_set
 .text.gpio_init
                0x000007f8       0x34 C:/PROGRA~3/MATLAB/SUPPOR~1/R2023a/3P778C~1.INS/MBEDLI~1.INS/0F0230~1/TARGET_KL25Z/TOOLCHAIN_GCC_ARM/gpio_api.o
                0x000007f8                gpio_init
 .text.gpio_mode
                0x0000082c        0xc C:/PROGRA~3/MATLAB/SUPPOR~1/R2023a/3P778C~1.INS/MBEDLI~1.INS/0F0230~1/TARGET_KL25Z/TOOLCHAIN_GCC_ARM/gpio_api.o
                0x0000082c                gpio_mode
 .text.gpio_dir
                0x00000838       0x40 C:/PROGRA~3/MATLAB/SUPPOR~1/R2023a/3P778C~1.INS/MBEDLI~1.INS/0F0230~1/TARGET_KL25Z/TOOLCHAIN_GCC_ARM/gpio_api.o
                0x00000838                gpio_dir
 .text.mbed_die
                0x00000878       0x64 C:/PROGRA~3/MATLAB/SUPPOR~1/R2023a/3P778C~1.INS/MBEDLI~1.INS/0F0230~1/TARGET_KL25Z/TOOLCHAIN_GCC_ARM/mbed_board.o
                0x00000878                mbed_die
 .text.mbed_error_vfprintf
                0x000008dc       0x54 C:/PROGRA~3/MATLAB/SUPPOR~1/R2023a/3P778C~1.INS/MBEDLI~1.INS/0F0230~1/TARGET_KL25Z/TOOLCHAIN_GCC_ARM/mbed_board.o
                0x000008dc                mbed_error_vfprintf
 .text.mbed_error_printf
                0x00000930       0x16 C:/PROGRA~3/MATLAB/SUPPOR~1/R2023a/3P778C~1.INS/MBEDLI~1.INS/0F0230~1/TARGET_KL25Z/TOOLCHAIN_GCC_ARM/mbed_board.o
                0x00000930                mbed_error_printf
 .text.NMI_Handler
                0x00000946        0xe C:/PROGRA~3/MATLAB/SUPPOR~1/R2023a/3P778C~1.INS/MBEDLI~1.INS/0F0230~1/TARGET_KL25Z/TOOLCHAIN_GCC_ARM/mbed_overrides.o
                0x00000946                NMI_Handler
 .text.pin_function
                0x00000954       0x5c C:/PROGRA~3/MATLAB/SUPPOR~1/R2023a/3P778C~1.INS/MBEDLI~1.INS/0F0230~1/TARGET_KL25Z/TOOLCHAIN_GCC_ARM/pinmap.o
                0x00000954                pin_function
 .text.pin_mode
                0x000009b0       0x30 C:/PROGRA~3/MATLAB/SUPPOR~1/R2023a/3P778C~1.INS/MBEDLI~1.INS/0F0230~1/TARGET_KL25Z/TOOLCHAIN_GCC_ARM/pinmap.o
                0x000009b0                pin_mode
 .text.mcgpllfll_frequency.part.0
                0x000009e0       0x4c C:/PROGRA~3/MATLAB/SUPPOR~1/R2023a/3P778C~1.INS/MBEDLI~1.INS/0F0230~1/TARGET_KL25Z/TOOLCHAIN_GCC_ARM/pwmout_api.o
 .text.pwmout_write
                0x00000a2c       0x48 C:/PROGRA~3/MATLAB/SUPPOR~1/R2023a/3P778C~1.INS/MBEDLI~1.INS/0F0230~1/TARGET_KL25Z/TOOLCHAIN_GCC_ARM/pwmout_api.o
                0x00000a2c                pwmout_write
 .text.pwmout_read
                0x00000a74       0x36 C:/PROGRA~3/MATLAB/SUPPOR~1/R2023a/3P778C~1.INS/MBEDLI~1.INS/0F0230~1/TARGET_KL25Z/TOOLCHAIN_GCC_ARM/pwmout_api.o
                0x00000a74                pwmout_read
 *fill*         0x00000aaa        0x2 
 .text.pwmout_period_us
                0x00000aac       0x34 C:/PROGRA~3/MATLAB/SUPPOR~1/R2023a/3P778C~1.INS/MBEDLI~1.INS/0F0230~1/TARGET_KL25Z/TOOLCHAIN_GCC_ARM/pwmout_api.o
                0x00000aac                pwmout_period_us
 .text.pwmout_period
                0x00000ae0       0x20 C:/PROGRA~3/MATLAB/SUPPOR~1/R2023a/3P778C~1.INS/MBEDLI~1.INS/0F0230~1/TARGET_KL25Z/TOOLCHAIN_GCC_ARM/pwmout_api.o
                0x00000ae0                pwmout_period
 .text.pwmout_init
                0x00000b00      0x20c C:/PROGRA~3/MATLAB/SUPPOR~1/R2023a/3P778C~1.INS/MBEDLI~1.INS/0F0230~1/TARGET_KL25Z/TOOLCHAIN_GCC_ARM/pwmout_api.o
                0x00000b00                pwmout_init
 .text.mcgpllfll_frequency
                0x00000d0c       0x58 C:/PROGRA~3/MATLAB/SUPPOR~1/R2023a/3P778C~1.INS/MBEDLI~1.INS/0F0230~1/TARGET_KL25Z/TOOLCHAIN_GCC_ARM/serial_api.o
 .text.serial_baud
                0x00000d64      0x138 C:/PROGRA~3/MATLAB/SUPPOR~1/R2023a/3P778C~1.INS/MBEDLI~1.INS/0F0230~1/TARGET_KL25Z/TOOLCHAIN_GCC_ARM/serial_api.o
                0x00000d64                serial_baud
 .text.serial_format
                0x00000e9c       0x94 C:/PROGRA~3/MATLAB/SUPPOR~1/R2023a/3P778C~1.INS/MBEDLI~1.INS/0F0230~1/TARGET_KL25Z/TOOLCHAIN_GCC_ARM/serial_api.o
                0x00000e9c                serial_format
 .text.serial_init
                0x00000f30      0x16c C:/PROGRA~3/MATLAB/SUPPOR~1/R2023a/3P778C~1.INS/MBEDLI~1.INS/0F0230~1/TARGET_KL25Z/TOOLCHAIN_GCC_ARM/serial_api.o
                0x00000f30                serial_init
 .text.serial_readable
                0x0000109c       0x18 C:/PROGRA~3/MATLAB/SUPPOR~1/R2023a/3P778C~1.INS/MBEDLI~1.INS/0F0230~1/TARGET_KL25Z/TOOLCHAIN_GCC_ARM/serial_api.o
                0x0000109c                serial_readable
 .text.serial_getc
                0x000010b4       0x16 C:/PROGRA~3/MATLAB/SUPPOR~1/R2023a/3P778C~1.INS/MBEDLI~1.INS/0F0230~1/TARGET_KL25Z/TOOLCHAIN_GCC_ARM/serial_api.o
                0x000010b4                serial_getc
 .text.serial_writable
                0x000010ca       0x18 C:/PROGRA~3/MATLAB/SUPPOR~1/R2023a/3P778C~1.INS/MBEDLI~1.INS/0F0230~1/TARGET_KL25Z/TOOLCHAIN_GCC_ARM/serial_api.o
                0x000010ca                serial_writable
 .text.serial_putc
                0x000010e2       0x18 C:/PROGRA~3/MATLAB/SUPPOR~1/R2023a/3P778C~1.INS/MBEDLI~1.INS/0F0230~1/TARGET_KL25Z/TOOLCHAIN_GCC_ARM/serial_api.o
                0x000010e2                serial_putc
 *fill*         0x000010fa        0x2 
 .text.lptmr_set
                0x000010fc       0x20 C:/PROGRA~3/MATLAB/SUPPOR~1/R2023a/3P778C~1.INS/MBEDLI~1.INS/0F0230~1/TARGET_KL25Z/TOOLCHAIN_GCC_ARM/us_ticker.o
 .text.lptmr_isr
                0x0000111c       0x48 C:/PROGRA~3/MATLAB/SUPPOR~1/R2023a/3P778C~1.INS/MBEDLI~1.INS/0F0230~1/TARGET_KL25Z/TOOLCHAIN_GCC_ARM/us_ticker.o
 .text.us_ticker_init
                0x00001164      0x1e4 C:/PROGRA~3/MATLAB/SUPPOR~1/R2023a/3P778C~1.INS/MBEDLI~1.INS/0F0230~1/TARGET_KL25Z/TOOLCHAIN_GCC_ARM/us_ticker.o
                0x00001164                us_ticker_init
 .text.us_ticker_read
                0x00001348       0x20 C:/PROGRA~3/MATLAB/SUPPOR~1/R2023a/3P778C~1.INS/MBEDLI~1.INS/0F0230~1/TARGET_KL25Z/TOOLCHAIN_GCC_ARM/us_ticker.o
                0x00001348                us_ticker_read
 .text.us_ticker_disable_interrupt
                0x00001368       0x10 C:/PROGRA~3/MATLAB/SUPPOR~1/R2023a/3P778C~1.INS/MBEDLI~1.INS/0F0230~1/TARGET_KL25Z/TOOLCHAIN_GCC_ARM/us_ticker.o
                0x00001368                us_ticker_disable_interrupt
 .text.us_ticker_clear_interrupt
                0x00001378        0x2 C:/PROGRA~3/MATLAB/SUPPOR~1/R2023a/3P778C~1.INS/MBEDLI~1.INS/0F0230~1/TARGET_KL25Z/TOOLCHAIN_GCC_ARM/us_ticker.o
                0x00001378                us_ticker_clear_interrupt
 *fill*         0x0000137a        0x2 
 .text.us_ticker_set_interrupt
                0x0000137c       0x40 C:/PROGRA~3/MATLAB/SUPPOR~1/R2023a/3P778C~1.INS/MBEDLI~1.INS/0F0230~1/TARGET_KL25Z/TOOLCHAIN_GCC_ARM/us_ticker.o
                0x0000137c                us_ticker_set_interrupt
 .text._ZN4mbed6PwmOutC2E7PinName
                0x000013bc       0x30 rgbled_wrapper.o
                0x000013bc                mbed::PwmOut::PwmOut(PinName)
                0x000013bc                mbed::PwmOut::PwmOut(PinName)
 .text._ZN4mbed6PwmOut5writeEf
                0x000013ec       0x26 rgbled_wrapper.o
                0x000013ec                mbed::PwmOut::write(float)
 .text._ZN4mbed6PwmOut6periodEf
                0x00001412       0x26 rgbled_wrapper.o
                0x00001412                mbed::PwmOut::period(float)
 .text.MW_RGBLED_Write
                0x00001438       0xdc rgbled_wrapper.o
                0x00001438                MW_RGBLED_Write
 .text.MW_RGBLED_Init
                0x00001514       0x68 rgbled_wrapper.o
                0x00001514                MW_RGBLED_Init
 .text._Z41__static_initialization_and_destruction_0ii
                0x0000157c       0x60 rgbled_wrapper.o
 .text._GLOBAL__sub_I_r
                0x000015dc       0x18 rgbled_wrapper.o
 .text.rt_OneStep
                0x000015f4       0x4c ert_main.o
                0x000015f4                rt_OneStep
 .text.main     0x00001640       0x9c ert_main.o
                0x00001640                main
 .text.rt_roundd_snf
                0x000016dc       0xc0 untitled.o
                0x000016dc                rt_roundd_snf
 .text.untitled_step
                0x0000179c      0x13c untitled.o
                0x0000179c                untitled_step
 .text.untitled_initialize
                0x000018d8       0x24 untitled.o
                0x000018d8                untitled_initialize
 .text.untitled_terminate
                0x000018fc       0x1c untitled.o
                0x000018fc                untitled_terminate
 .text.BoardInit
                0x00001918       0xa8 BoardInit.o
                0x00001918                BoardInit
 .text.NVIC_SetPriority
                0x000019c0       0xdc SysTickScheduler.o
 .text.SysTick_Config
                0x00001a9c       0x48 SysTickScheduler.o
 .text.SysTick_Isr
                0x00001ae4       0x4c SysTickScheduler.o
 .text.SysTick_Handler
                0x00001b30       0x14 SysTickScheduler.o
                0x00001b30                SysTick_Handler
 .text.ARMCM_SysTick_Config
                0x00001b44       0xac SysTickScheduler.o
                0x00001b44                ARMCM_SysTick_Config
 .text.arm_cortex_m_call_thread_with_context_switch
                0x00001bf0       0x28 m0m1m0plus_multitasking.o
                0x00001bf0                arm_cortex_m_call_thread_with_context_switch
 .text.SVC_Handler
                0x00001c18       0x2c m0m1m0plus_multitasking.o
                0x00001c18                SVC_Handler
 .text.gpio_write
                0x00001c44       0x30 C:/ProgramData/MATLAB/SupportPackages/R2023a/3P.instrset/mbedlibrary-stm.instrset/0f02307a0877/TARGET_KL25Z/TOOLCHAIN_GCC_ARM/libmbed.a(mbed_gpio.o)
 .text._gpio_init_in
                0x00001c74       0x22 C:/ProgramData/MATLAB/SupportPackages/R2023a/3P.instrset/mbedlibrary-stm.instrset/0f02307a0877/TARGET_KL25Z/TOOLCHAIN_GCC_ARM/libmbed.a(mbed_gpio.o)
 .text.gpio_init_in
                0x00001c96        0xa C:/ProgramData/MATLAB/SupportPackages/R2023a/3P.instrset/mbedlibrary-stm.instrset/0f02307a0877/TARGET_KL25Z/TOOLCHAIN_GCC_ARM/libmbed.a(mbed_gpio.o)
                0x00001c96                gpio_init_in
 .text.gpio_init_out_ex
                0x00001ca0       0x2a C:/ProgramData/MATLAB/SupportPackages/R2023a/3P.instrset/mbedlibrary-stm.instrset/0f02307a0877/TARGET_KL25Z/TOOLCHAIN_GCC_ARM/libmbed.a(mbed_gpio.o)
                0x00001ca0                gpio_init_out_ex
 .text.gpio_init_out
                0x00001cca        0xa C:/ProgramData/MATLAB/SupportPackages/R2023a/3P.instrset/mbedlibrary-stm.instrset/0f02307a0877/TARGET_KL25Z/TOOLCHAIN_GCC_ARM/libmbed.a(mbed_gpio.o)
                0x00001cca                gpio_init_out
 .text.us_ticker_irq_handler
                0x00001cd4       0x10 C:/ProgramData/MATLAB/SupportPackages/R2023a/3P.instrset/mbedlibrary-stm.instrset/0f02307a0877/TARGET_KL25Z/TOOLCHAIN_GCC_ARM/libmbed.a(mbed_us_ticker_api.o)
                0x00001cd4                us_ticker_irq_handler
 .text.ticker_irq_handler
                0x00001ce4       0x44 C:/ProgramData/MATLAB/SupportPackages/R2023a/3P.instrset/mbedlibrary-stm.instrset/0f02307a0877/TARGET_KL25Z/TOOLCHAIN_GCC_ARM/libmbed.a(mbed_ticker_api.o)
                0x00001ce4                ticker_irq_handler
 .text.mbed_assert_internal
                0x00001d28       0x24 C:/ProgramData/MATLAB/SupportPackages/R2023a/3P.instrset/mbedlibrary-stm.instrset/0f02307a0877/TARGET_KL25Z/TOOLCHAIN_GCC_ARM/libmbed.a(mbed_assert.o)
                0x00001d28                mbed_assert_internal
 .text.pinmap_pinout
                0x00001d4c       0x38 C:/ProgramData/MATLAB/SupportPackages/R2023a/3P.instrset/mbedlibrary-stm.instrset/0f02307a0877/TARGET_KL25Z/TOOLCHAIN_GCC_ARM/libmbed.a(mbed_pinmap_common.o)
                0x00001d4c                pinmap_pinout
 .text.pinmap_merge
                0x00001d84       0x24 C:/ProgramData/MATLAB/SupportPackages/R2023a/3P.instrset/mbedlibrary-stm.instrset/0f02307a0877/TARGET_KL25Z/TOOLCHAIN_GCC_ARM/libmbed.a(mbed_pinmap_common.o)
                0x00001d84                pinmap_merge
 .text.pinmap_find_peripheral
                0x00001da8       0x18 C:/ProgramData/MATLAB/SupportPackages/R2023a/3P.instrset/mbedlibrary-stm.instrset/0f02307a0877/TARGET_KL25Z/TOOLCHAIN_GCC_ARM/libmbed.a(mbed_pinmap_common.o)
                0x00001da8                pinmap_find_peripheral
 .text.pinmap_peripheral
                0x00001dc0       0x20 C:/ProgramData/MATLAB/SupportPackages/R2023a/3P.instrset/mbedlibrary-stm.instrset/0f02307a0877/TARGET_KL25Z/TOOLCHAIN_GCC_ARM/libmbed.a(mbed_pinmap_common.o)
                0x00001dc0                pinmap_peripheral
 .text.error    0x00001de0       0x14 C:/ProgramData/MATLAB/SupportPackages/R2023a/3P.instrset/mbedlibrary-stm.instrset/0f02307a0877/TARGET_KL25Z/TOOLCHAIN_GCC_ARM/libmbed.a(mbed_error.o)
                0x00001de0                error
 .text.core_util_are_interrupts_enabled
                0x00001df4        0xa C:/ProgramData/MATLAB/SupportPackages/R2023a/3P.instrset/mbedlibrary-stm.instrset/0f02307a0877/TARGET_KL25Z/TOOLCHAIN_GCC_ARM/libmbed.a(mbed_critical.o)
                0x00001df4                core_util_are_interrupts_enabled
 *fill*         0x00001dfe        0x2 
 .text.core_util_critical_section_enter
                0x00001e00       0x5c C:/ProgramData/MATLAB/SupportPackages/R2023a/3P.instrset/mbedlibrary-stm.instrset/0f02307a0877/TARGET_KL25Z/TOOLCHAIN_GCC_ARM/libmbed.a(mbed_critical.o)
                0x00001e00                core_util_critical_section_enter
 .text.core_util_critical_section_exit
                0x00001e5c       0x44 C:/ProgramData/MATLAB/SupportPackages/R2023a/3P.instrset/mbedlibrary-stm.instrset/0f02307a0877/TARGET_KL25Z/TOOLCHAIN_GCC_ARM/libmbed.a(mbed_critical.o)
                0x00001e5c                core_util_critical_section_exit
 .text.wait_us  0x00001ea0       0x16 C:/ProgramData/MATLAB/SupportPackages/R2023a/3P.instrset/mbedlibrary-stm.instrset/0f02307a0877/TARGET_KL25Z/TOOLCHAIN_GCC_ARM/libmbed.a(mbed_wait_api_no_rtos.o)
                0x00001ea0                wait_us
 .text.wait_ms  0x00001eb6        0xe C:/ProgramData/MATLAB/SupportPackages/R2023a/3P.instrset/mbedlibrary-stm.instrset/0f02307a0877/TARGET_KL25Z/TOOLCHAIN_GCC_ARM/libmbed.a(mbed_wait_api_no_rtos.o)
                0x00001eb6                wait_ms
 .text.mbed_interface_connected
                0x00001ec4        0x8 C:/ProgramData/MATLAB/SupportPackages/R2023a/3P.instrset/mbedlibrary-stm.instrset/0f02307a0877/TARGET_KL25Z/TOOLCHAIN_GCC_ARM/libmbed.a(mbed_interface.o)
                0x00001ec4                mbed_interface_connected
 .text.semihost_exit
                0x00001ecc       0x16 C:/ProgramData/MATLAB/SupportPackages/R2023a/3P.instrset/mbedlibrary-stm.instrset/0f02307a0877/TARGET_KL25Z/TOOLCHAIN_GCC_ARM/libmbed.a(mbed_semihost_api.o)
                0x00001ecc                semihost_exit
 *fill*         0x00001ee2        0x2 
 .text.semihost_connected
                0x00001ee4        0xc C:/ProgramData/MATLAB/SupportPackages/R2023a/3P.instrset/mbedlibrary-stm.instrset/0f02307a0877/TARGET_KL25Z/TOOLCHAIN_GCC_ARM/libmbed.a(mbed_semihost_api.o)
                0x00001ee4                semihost_connected
 .text.ceil     0x00001ef0      0x118 c:/programdata/matlab/supportpackages/r2023a/3p.instrset/gnuarm-armcortex.instrset/win/bin/../lib/gcc/arm-none-eabi/9.3.1/../../../../arm-none-eabi/lib/thumb/v6-m/nofp\libm.a(lib_a-s_ceil.o)
                0x00001ef0                ceil
 .text.floor    0x00002008      0x128 c:/programdata/matlab/supportpackages/r2023a/3p.instrset/gnuarm-armcortex.instrset/win/bin/../lib/gcc/arm-none-eabi/9.3.1/../../../../arm-none-eabi/lib/thumb/v6-m/nofp\libm.a(lib_a-s_floor.o)
                0x00002008                floor
 .text          0x00002130      0x114 c:/programdata/matlab/supportpackages/r2023a/3p.instrset/gnuarm-armcortex.instrset/win/bin/../lib/gcc/arm-none-eabi/9.3.1/thumb/v6-m/nofp\libgcc.a(_udivsi3.o)
                0x00002130                __aeabi_uidiv
                0x00002130                __udivsi3
                0x0000223c                __aeabi_uidivmod
 .text          0x00002244        0x4 c:/programdata/matlab/supportpackages/r2023a/3p.instrset/gnuarm-armcortex.instrset/win/bin/../lib/gcc/arm-none-eabi/9.3.1/thumb/v6-m/nofp\libgcc.a(_dvmd_tls.o)
                0x00002244                __aeabi_idiv0
                0x00002244                __aeabi_ldiv0
 .text          0x00002248       0x7c c:/programdata/matlab/supportpackages/r2023a/3p.instrset/gnuarm-armcortex.instrset/win/bin/../lib/gcc/arm-none-eabi/9.3.1/thumb/v6-m/nofp\libgcc.a(_arm_cmpdf2.o)
                0x00002248                __aeabi_cdrcmple
                0x00002258                __aeabi_cdcmple
                0x00002258                __aeabi_cdcmpeq
                0x00002268                __aeabi_dcmpeq
                0x00002274                __aeabi_dcmplt
                0x00002288                __aeabi_dcmple
                0x0000229c                __aeabi_dcmpgt
                0x000022b0                __aeabi_dcmpge
 .text          0x000022c4       0x74 c:/programdata/matlab/supportpackages/r2023a/3p.instrset/gnuarm-armcortex.instrset/win/bin/../lib/gcc/arm-none-eabi/9.3.1/thumb/v6-m/nofp\libgcc.a(_arm_cmpsf2.o)
                0x000022c4                __aeabi_cfrcmple
                0x000022cc                __aeabi_cfcmpeq
                0x000022cc                __aeabi_cfcmple
                0x000022dc                __aeabi_fcmpeq
                0x000022e8                __aeabi_fcmplt
                0x000022fc                __aeabi_fcmple
                0x00002310                __aeabi_fcmpgt
                0x00002324                __aeabi_fcmpge
 .text          0x00002338       0x30 c:/programdata/matlab/supportpackages/r2023a/3p.instrset/gnuarm-armcortex.instrset/win/bin/../lib/gcc/arm-none-eabi/9.3.1/thumb/v6-m/nofp\libgcc.a(_fixunssfsi.o)
                0x00002338                __fixunssfsi
                0x00002338                __aeabi_f2uiz
 .text          0x00002368       0x3c c:/programdata/matlab/supportpackages/r2023a/3p.instrset/gnuarm-armcortex.instrset/win/bin/../lib/gcc/arm-none-eabi/9.3.1/thumb/v6-m/nofp\libgcc.a(_fixunsdfsi.o)
                0x00002368                __aeabi_d2uiz
                0x00002368                __fixunsdfsi
 .text          0x000023a4      0x218 c:/programdata/matlab/supportpackages/r2023a/3p.instrset/gnuarm-armcortex.instrset/win/bin/../lib/gcc/arm-none-eabi/9.3.1/thumb/v6-m/nofp\libgcc.a(divsf3.o)
                0x000023a4                __aeabi_fdiv
 .text          0x000025bc       0x50 c:/programdata/matlab/supportpackages/r2023a/3p.instrset/gnuarm-armcortex.instrset/win/bin/../lib/gcc/arm-none-eabi/9.3.1/thumb/v6-m/nofp\libgcc.a(eqsf2.o)
                0x000025bc                __eqsf2
                0x000025bc                __nesf2
 .text          0x0000260c       0x98 c:/programdata/matlab/supportpackages/r2023a/3p.instrset/gnuarm-armcortex.instrset/win/bin/../lib/gcc/arm-none-eabi/9.3.1/thumb/v6-m/nofp\libgcc.a(gesf2.o)
                0x0000260c                __gesf2
                0x0000260c                __gtsf2
 .text          0x000026a4       0x94 c:/programdata/matlab/supportpackages/r2023a/3p.instrset/gnuarm-armcortex.instrset/win/bin/../lib/gcc/arm-none-eabi/9.3.1/thumb/v6-m/nofp\libgcc.a(lesf2.o)
                0x000026a4                __ltsf2
                0x000026a4                __lesf2
 .text          0x00002738      0x234 c:/programdata/matlab/supportpackages/r2023a/3p.instrset/gnuarm-armcortex.instrset/win/bin/../lib/gcc/arm-none-eabi/9.3.1/thumb/v6-m/nofp\libgcc.a(mulsf3.o)
                0x00002738                __aeabi_fmul
 .text          0x0000296c      0x390 c:/programdata/matlab/supportpackages/r2023a/3p.instrset/gnuarm-armcortex.instrset/win/bin/../lib/gcc/arm-none-eabi/9.3.1/thumb/v6-m/nofp\libgcc.a(subsf3.o)
                0x0000296c                __aeabi_fsub
 .text          0x00002cfc       0x40 c:/programdata/matlab/supportpackages/r2023a/3p.instrset/gnuarm-armcortex.instrset/win/bin/../lib/gcc/arm-none-eabi/9.3.1/thumb/v6-m/nofp\libgcc.a(fixsfsi.o)
                0x00002cfc                __aeabi_f2iz
 .text          0x00002d3c       0x8c c:/programdata/matlab/supportpackages/r2023a/3p.instrset/gnuarm-armcortex.instrset/win/bin/../lib/gcc/arm-none-eabi/9.3.1/thumb/v6-m/nofp\libgcc.a(floatsisf.o)
                0x00002d3c                __aeabi_i2f
 .text          0x00002dc8       0x78 c:/programdata/matlab/supportpackages/r2023a/3p.instrset/gnuarm-armcortex.instrset/win/bin/../lib/gcc/arm-none-eabi/9.3.1/thumb/v6-m/nofp\libgcc.a(floatunsisf.o)
                0x00002dc8                __aeabi_ui2f
 .text          0x00002e40      0x6d4 c:/programdata/matlab/supportpackages/r2023a/3p.instrset/gnuarm-armcortex.instrset/win/bin/../lib/gcc/arm-none-eabi/9.3.1/thumb/v6-m/nofp\libgcc.a(adddf3.o)
                0x00002e40                __aeabi_dadd
 .text          0x00003514      0x5d0 c:/programdata/matlab/supportpackages/r2023a/3p.instrset/gnuarm-armcortex.instrset/win/bin/../lib/gcc/arm-none-eabi/9.3.1/thumb/v6-m/nofp\libgcc.a(divdf3.o)
                0x00003514                __aeabi_ddiv
 .text          0x00003ae4       0x78 c:/programdata/matlab/supportpackages/r2023a/3p.instrset/gnuarm-armcortex.instrset/win/bin/../lib/gcc/arm-none-eabi/9.3.1/thumb/v6-m/nofp\libgcc.a(eqdf2.o)
                0x00003ae4                __nedf2
                0x00003ae4                __eqdf2
 .text          0x00003b5c       0xe4 c:/programdata/matlab/supportpackages/r2023a/3p.instrset/gnuarm-armcortex.instrset/win/bin/../lib/gcc/arm-none-eabi/9.3.1/thumb/v6-m/nofp\libgcc.a(gedf2.o)
                0x00003b5c                __gedf2
                0x00003b5c                __gtdf2
 .text          0x00003c40       0xe0 c:/programdata/matlab/supportpackages/r2023a/3p.instrset/gnuarm-armcortex.instrset/win/bin/../lib/gcc/arm-none-eabi/9.3.1/thumb/v6-m/nofp\libgcc.a(ledf2.o)
                0x00003c40                __ledf2
                0x00003c40                __ltdf2
 .text          0x00003d20      0x4d8 c:/programdata/matlab/supportpackages/r2023a/3p.instrset/gnuarm-armcortex.instrset/win/bin/../lib/gcc/arm-none-eabi/9.3.1/thumb/v6-m/nofp\libgcc.a(muldf3.o)
                0x00003d20                __aeabi_dmul
 .text          0x000041f8      0x724 c:/programdata/matlab/supportpackages/r2023a/3p.instrset/gnuarm-armcortex.instrset/win/bin/../lib/gcc/arm-none-eabi/9.3.1/thumb/v6-m/nofp\libgcc.a(subdf3.o)
                0x000041f8                __aeabi_dsub
 .text          0x0000491c       0x6c c:/programdata/matlab/supportpackages/r2023a/3p.instrset/gnuarm-armcortex.instrset/win/bin/../lib/gcc/arm-none-eabi/9.3.1/thumb/v6-m/nofp\libgcc.a(fixdfsi.o)
                0x0000491c                __aeabi_d2iz
 .text          0x00004988       0x60 c:/programdata/matlab/supportpackages/r2023a/3p.instrset/gnuarm-armcortex.instrset/win/bin/../lib/gcc/arm-none-eabi/9.3.1/thumb/v6-m/nofp\libgcc.a(floatsidf.o)
                0x00004988                __aeabi_i2d
 .text          0x000049e8      0x110 c:/programdata/matlab/supportpackages/r2023a/3p.instrset/gnuarm-armcortex.instrset/win/bin/../lib/gcc/arm-none-eabi/9.3.1/thumb/v6-m/nofp\libgcc.a(truncdfsf2.o)
                0x000049e8                __aeabi_d2f
 .text          0x00004af8       0x3c c:/programdata/matlab/supportpackages/r2023a/3p.instrset/gnuarm-armcortex.instrset/win/bin/../lib/gcc/arm-none-eabi/9.3.1/thumb/v6-m/nofp\libgcc.a(_clzsi2.o)
                0x00004af8                __clzsi2
 .text.__errno  0x00004b34        0xc c:/programdata/matlab/supportpackages/r2023a/3p.instrset/gnuarm-armcortex.instrset/win/bin/../lib/gcc/arm-none-eabi/9.3.1/../../../../arm-none-eabi/lib/thumb/v6-m/nofp\libc_nano.a(lib_a-errno.o)
                0x00004b34                __errno
 .text.exit     0x00004b40       0x2c c:/programdata/matlab/supportpackages/r2023a/3p.instrset/gnuarm-armcortex.instrset/win/bin/../lib/gcc/arm-none-eabi/9.3.1/../../../../arm-none-eabi/lib/thumb/v6-m/nofp\libc_nano.a(lib_a-exit.o)
                0x00004b40                exit
 .text.__sflush_r
                0x00004b6c      0x118 c:/programdata/matlab/supportpackages/r2023a/3p.instrset/gnuarm-armcortex.instrset/win/bin/../lib/gcc/arm-none-eabi/9.3.1/../../../../arm-none-eabi/lib/thumb/v6-m/nofp\libc_nano.a(lib_a-fflush.o)
                0x00004b6c                __sflush_r
 .text._fflush_r
                0x00004c84       0x80 c:/programdata/matlab/supportpackages/r2023a/3p.instrset/gnuarm-armcortex.instrset/win/bin/../lib/gcc/arm-none-eabi/9.3.1/../../../../arm-none-eabi/lib/thumb/v6-m/nofp\libc_nano.a(lib_a-fflush.o)
                0x00004c84                _fflush_r
 .text.fflush   0x00004d04       0x2c c:/programdata/matlab/supportpackages/r2023a/3p.instrset/gnuarm-armcortex.instrset/win/bin/../lib/gcc/arm-none-eabi/9.3.1/../../../../arm-none-eabi/lib/thumb/v6-m/nofp\libc_nano.a(lib_a-fflush.o)
                0x00004d04                fflush
 .text.std      0x00004d30       0x48 c:/programdata/matlab/supportpackages/r2023a/3p.instrset/gnuarm-armcortex.instrset/win/bin/../lib/gcc/arm-none-eabi/9.3.1/../../../../arm-none-eabi/lib/thumb/v6-m/nofp\libc_nano.a(lib_a-findfp.o)
 .text._cleanup_r
                0x00004d78       0x10 c:/programdata/matlab/supportpackages/r2023a/3p.instrset/gnuarm-armcortex.instrset/win/bin/../lib/gcc/arm-none-eabi/9.3.1/../../../../arm-none-eabi/lib/thumb/v6-m/nofp\libc_nano.a(lib_a-findfp.o)
                0x00004d78                _cleanup_r
 .text.__sfmoreglue
                0x00004d88       0x2c c:/programdata/matlab/supportpackages/r2023a/3p.instrset/gnuarm-armcortex.instrset/win/bin/../lib/gcc/arm-none-eabi/9.3.1/../../../../arm-none-eabi/lib/thumb/v6-m/nofp\libc_nano.a(lib_a-findfp.o)
                0x00004d88                __sfmoreglue
 .text.__sfp_lock_acquire
                0x00004db4       0x10 c:/programdata/matlab/supportpackages/r2023a/3p.instrset/gnuarm-armcortex.instrset/win/bin/../lib/gcc/arm-none-eabi/9.3.1/../../../../arm-none-eabi/lib/thumb/v6-m/nofp\libc_nano.a(lib_a-findfp.o)
                0x00004db4                __sfp_lock_acquire
 .text.__sfp_lock_release
                0x00004dc4       0x10 c:/programdata/matlab/supportpackages/r2023a/3p.instrset/gnuarm-armcortex.instrset/win/bin/../lib/gcc/arm-none-eabi/9.3.1/../../../../arm-none-eabi/lib/thumb/v6-m/nofp\libc_nano.a(lib_a-findfp.o)
                0x00004dc4                __sfp_lock_release
 .text.__sinit_lock_acquire
                0x00004dd4       0x10 c:/programdata/matlab/supportpackages/r2023a/3p.instrset/gnuarm-armcortex.instrset/win/bin/../lib/gcc/arm-none-eabi/9.3.1/../../../../arm-none-eabi/lib/thumb/v6-m/nofp\libc_nano.a(lib_a-findfp.o)
                0x00004dd4                __sinit_lock_acquire
 .text.__sinit_lock_release
                0x00004de4       0x10 c:/programdata/matlab/supportpackages/r2023a/3p.instrset/gnuarm-armcortex.instrset/win/bin/../lib/gcc/arm-none-eabi/9.3.1/../../../../arm-none-eabi/lib/thumb/v6-m/nofp\libc_nano.a(lib_a-findfp.o)
                0x00004de4                __sinit_lock_release
 .text.__sinit  0x00004df4       0x70 c:/programdata/matlab/supportpackages/r2023a/3p.instrset/gnuarm-armcortex.instrset/win/bin/../lib/gcc/arm-none-eabi/9.3.1/../../../../arm-none-eabi/lib/thumb/v6-m/nofp\libc_nano.a(lib_a-findfp.o)
                0x00004df4                __sinit
 .text.__sfp    0x00004e64       0x90 c:/programdata/matlab/supportpackages/r2023a/3p.instrset/gnuarm-armcortex.instrset/win/bin/../lib/gcc/arm-none-eabi/9.3.1/../../../../arm-none-eabi/lib/thumb/v6-m/nofp\libc_nano.a(lib_a-findfp.o)
                0x00004e64                __sfp
 .text._fwalk_reent
                0x00004ef4       0x40 c:/programdata/matlab/supportpackages/r2023a/3p.instrset/gnuarm-armcortex.instrset/win/bin/../lib/gcc/arm-none-eabi/9.3.1/../../../../arm-none-eabi/lib/thumb/v6-m/nofp\libc_nano.a(lib_a-fwalk.o)
                0x00004ef4                _fwalk_reent
 .text.__libc_init_array
                0x00004f34       0x48 c:/programdata/matlab/supportpackages/r2023a/3p.instrset/gnuarm-armcortex.instrset/win/bin/../lib/gcc/arm-none-eabi/9.3.1/../../../../arm-none-eabi/lib/thumb/v6-m/nofp\libc_nano.a(lib_a-init.o)
                0x00004f34                __libc_init_array
 .text.__retarget_lock_init_recursive
                0x00004f7c        0x2 c:/programdata/matlab/supportpackages/r2023a/3p.instrset/gnuarm-armcortex.instrset/win/bin/../lib/gcc/arm-none-eabi/9.3.1/../../../../arm-none-eabi/lib/thumb/v6-m/nofp\libc_nano.a(lib_a-lock.o)
                0x00004f7c                __retarget_lock_init_recursive
 .text.__retarget_lock_acquire_recursive
                0x00004f7e        0x2 c:/programdata/matlab/supportpackages/r2023a/3p.instrset/gnuarm-armcortex.instrset/win/bin/../lib/gcc/arm-none-eabi/9.3.1/../../../../arm-none-eabi/lib/thumb/v6-m/nofp\libc_nano.a(lib_a-lock.o)
                0x00004f7e                __retarget_lock_acquire_recursive
 .text.__retarget_lock_release_recursive
                0x00004f80        0x2 c:/programdata/matlab/supportpackages/r2023a/3p.instrset/gnuarm-armcortex.instrset/win/bin/../lib/gcc/arm-none-eabi/9.3.1/../../../../arm-none-eabi/lib/thumb/v6-m/nofp\libc_nano.a(lib_a-lock.o)
                0x00004f80                __retarget_lock_release_recursive
 .text.memchr   0x00004f82       0x16 c:/programdata/matlab/supportpackages/r2023a/3p.instrset/gnuarm-armcortex.instrset/win/bin/../lib/gcc/arm-none-eabi/9.3.1/../../../../arm-none-eabi/lib/thumb/v6-m/nofp\libc_nano.a(lib_a-memchr-stub.o)
                0x00004f82                memchr
 .text.memcpy   0x00004f98       0x12 c:/programdata/matlab/supportpackages/r2023a/3p.instrset/gnuarm-armcortex.instrset/win/bin/../lib/gcc/arm-none-eabi/9.3.1/../../../../arm-none-eabi/lib/thumb/v6-m/nofp\libc_nano.a(lib_a-memcpy-stub.o)
                0x00004f98                memcpy
 .text.memset   0x00004faa       0x10 c:/programdata/matlab/supportpackages/r2023a/3p.instrset/gnuarm-armcortex.instrset/win/bin/../lib/gcc/arm-none-eabi/9.3.1/../../../../arm-none-eabi/lib/thumb/v6-m/nofp\libc_nano.a(lib_a-memset.o)
                0x00004faa                memset
 *fill*         0x00004fba        0x2 
 .text._free_r  0x00004fbc       0x94 c:/programdata/matlab/supportpackages/r2023a/3p.instrset/gnuarm-armcortex.instrset/win/bin/../lib/gcc/arm-none-eabi/9.3.1/../../../../arm-none-eabi/lib/thumb/v6-m/nofp\libc_nano.a(lib_a-nano-freer.o)
                0x00004fbc                _free_r
 .text._malloc_r
                0x00005050       0xbc c:/programdata/matlab/supportpackages/r2023a/3p.instrset/gnuarm-armcortex.instrset/win/bin/../lib/gcc/arm-none-eabi/9.3.1/../../../../arm-none-eabi/lib/thumb/v6-m/nofp\libc_nano.a(lib_a-nano-mallocr.o)
                0x00005050                _malloc_r
 .text._printf_common
                0x0000510c       0xde c:/programdata/matlab/supportpackages/r2023a/3p.instrset/gnuarm-armcortex.instrset/win/bin/../lib/gcc/arm-none-eabi/9.3.1/../../../../arm-none-eabi/lib/thumb/v6-m/nofp\libc_nano.a(lib_a-nano-vfprintf_i.o)
                0x0000510c                _printf_common
 *fill*         0x000051ea        0x2 
 .text._printf_i
                0x000051ec      0x224 c:/programdata/matlab/supportpackages/r2023a/3p.instrset/gnuarm-armcortex.instrset/win/bin/../lib/gcc/arm-none-eabi/9.3.1/../../../../arm-none-eabi/lib/thumb/v6-m/nofp\libc_nano.a(lib_a-nano-vfprintf_i.o)
                0x000051ec                _printf_i
 .text._sbrk_r  0x00005410       0x24 c:/programdata/matlab/supportpackages/r2023a/3p.instrset/gnuarm-armcortex.instrset/win/bin/../lib/gcc/arm-none-eabi/9.3.1/../../../../arm-none-eabi/lib/thumb/v6-m/nofp\libc_nano.a(lib_a-sbrkr.o)
                0x00005410                _sbrk_r
 .text.__sread  0x00005434       0x28 c:/programdata/matlab/supportpackages/r2023a/3p.instrset/gnuarm-armcortex.instrset/win/bin/../lib/gcc/arm-none-eabi/9.3.1/../../../../arm-none-eabi/lib/thumb/v6-m/nofp\libc_nano.a(lib_a-stdio.o)
                0x00005434                __sread
 .text.__swrite
                0x0000545c       0x38 c:/programdata/matlab/supportpackages/r2023a/3p.instrset/gnuarm-armcortex.instrset/win/bin/../lib/gcc/arm-none-eabi/9.3.1/../../../../arm-none-eabi/lib/thumb/v6-m/nofp\libc_nano.a(lib_a-stdio.o)
                0x0000545c                __swrite
 .text.__sseek  0x00005494       0x2c c:/programdata/matlab/supportpackages/r2023a/3p.instrset/gnuarm-armcortex.instrset/win/bin/../lib/gcc/arm-none-eabi/9.3.1/../../../../arm-none-eabi/lib/thumb/v6-m/nofp\libc_nano.a(lib_a-stdio.o)
                0x00005494                __sseek
 .text.__sclose
                0x000054c0        0xc c:/programdata/matlab/supportpackages/r2023a/3p.instrset/gnuarm-armcortex.instrset/win/bin/../lib/gcc/arm-none-eabi/9.3.1/../../../../arm-none-eabi/lib/thumb/v6-m/nofp\libc_nano.a(lib_a-stdio.o)
                0x000054c0                __sclose
 .text._vsnprintf_r
                0x000054cc       0x56 c:/programdata/matlab/supportpackages/r2023a/3p.instrset/gnuarm-armcortex.instrset/win/bin/../lib/gcc/arm-none-eabi/9.3.1/../../../../arm-none-eabi/lib/thumb/v6-m/nofp\libc_nano.a(lib_a-vsnprintf.o)
                0x000054cc                _vsniprintf_r
                0x000054cc                _vsnprintf_r
 *fill*         0x00005522        0x2 
 .text.vsnprintf
                0x00005524       0x18 c:/programdata/matlab/supportpackages/r2023a/3p.instrset/gnuarm-armcortex.instrset/win/bin/../lib/gcc/arm-none-eabi/9.3.1/../../../../arm-none-eabi/lib/thumb/v6-m/nofp\libc_nano.a(lib_a-vsnprintf.o)
                0x00005524                vsniprintf
                0x00005524                vsnprintf
 .text._write_r
                0x0000553c       0x28 c:/programdata/matlab/supportpackages/r2023a/3p.instrset/gnuarm-armcortex.instrset/win/bin/../lib/gcc/arm-none-eabi/9.3.1/../../../../arm-none-eabi/lib/thumb/v6-m/nofp\libc_nano.a(lib_a-writer.o)
                0x0000553c                _write_r
 .text._close_r
                0x00005564       0x24 c:/programdata/matlab/supportpackages/r2023a/3p.instrset/gnuarm-armcortex.instrset/win/bin/../lib/gcc/arm-none-eabi/9.3.1/../../../../arm-none-eabi/lib/thumb/v6-m/nofp\libc_nano.a(lib_a-closer.o)
                0x00005564                _close_r
 .text._lseek_r
                0x00005588       0x28 c:/programdata/matlab/supportpackages/r2023a/3p.instrset/gnuarm-armcortex.instrset/win/bin/../lib/gcc/arm-none-eabi/9.3.1/../../../../arm-none-eabi/lib/thumb/v6-m/nofp\libc_nano.a(lib_a-lseekr.o)
                0x00005588                _lseek_r
 .text.memmove  0x000055b0       0x26 c:/programdata/matlab/supportpackages/r2023a/3p.instrset/gnuarm-armcortex.instrset/win/bin/../lib/gcc/arm-none-eabi/9.3.1/../../../../arm-none-eabi/lib/thumb/v6-m/nofp\libc_nano.a(lib_a-memmove.o)
                0x000055b0                memmove
 .text._realloc_r
                0x000055d6       0x4c c:/programdata/matlab/supportpackages/r2023a/3p.instrset/gnuarm-armcortex.instrset/win/bin/../lib/gcc/arm-none-eabi/9.3.1/../../../../arm-none-eabi/lib/thumb/v6-m/nofp\libc_nano.a(lib_a-nano-reallocr.o)
                0x000055d6                _realloc_r
 *fill*         0x00005622        0x2 
 .text.__ssputs_r
                0x00005624       0xc4 c:/programdata/matlab/supportpackages/r2023a/3p.instrset/gnuarm-armcortex.instrset/win/bin/../lib/gcc/arm-none-eabi/9.3.1/../../../../arm-none-eabi/lib/thumb/v6-m/nofp\libc_nano.a(lib_a-nano-svfprintf.o)
                0x00005624                __ssputs_r
 .text._svfprintf_r
                0x000056e8      0x200 c:/programdata/matlab/supportpackages/r2023a/3p.instrset/gnuarm-armcortex.instrset/win/bin/../lib/gcc/arm-none-eabi/9.3.1/../../../../arm-none-eabi/lib/thumb/v6-m/nofp\libc_nano.a(lib_a-nano-svfprintf.o)
                0x000056e8                _svfiprintf_r
                0x000056e8                _svfprintf_r
 .text._read_r  0x000058e8       0x28 c:/programdata/matlab/supportpackages/r2023a/3p.instrset/gnuarm-armcortex.instrset/win/bin/../lib/gcc/arm-none-eabi/9.3.1/../../../../arm-none-eabi/lib/thumb/v6-m/nofp\libc_nano.a(lib_a-readr.o)
                0x000058e8                _read_r
 .text._malloc_usable_size_r
                0x00005910       0x10 c:/programdata/matlab/supportpackages/r2023a/3p.instrset/gnuarm-armcortex.instrset/win/bin/../lib/gcc/arm-none-eabi/9.3.1/../../../../arm-none-eabi/lib/thumb/v6-m/nofp\libc_nano.a(lib_a-nano-msizer.o)
                0x00005910                _malloc_usable_size_r
 .text          0x00005920       0x14 c:/programdata/matlab/supportpackages/r2023a/3p.instrset/gnuarm-armcortex.instrset/win/bin/../lib/gcc/arm-none-eabi/9.3.1/thumb/v6-m/nofp\libgcc.a(_thumb1_case_shi.o)
                0x00005920                __gnu_thumb1_case_shi
 *(.init)
 .init          0x00005934        0x4 c:/programdata/matlab/supportpackages/r2023a/3p.instrset/gnuarm-armcortex.instrset/win/bin/../lib/gcc/arm-none-eabi/9.3.1/thumb/v6-m/nofp/crti.o
                0x00005934                _init
 .init          0x00005938        0x8 c:/programdata/matlab/supportpackages/r2023a/3p.instrset/gnuarm-armcortex.instrset/win/bin/../lib/gcc/arm-none-eabi/9.3.1/thumb/v6-m/nofp/crtn.o
 *(.fini)
 .fini          0x00005940        0x4 c:/programdata/matlab/supportpackages/r2023a/3p.instrset/gnuarm-armcortex.instrset/win/bin/../lib/gcc/arm-none-eabi/9.3.1/thumb/v6-m/nofp/crti.o
                0x00005940                _fini
 .fini          0x00005944        0x8 c:/programdata/matlab/supportpackages/r2023a/3p.instrset/gnuarm-armcortex.instrset/win/bin/../lib/gcc/arm-none-eabi/9.3.1/thumb/v6-m/nofp/crtn.o
 *crtbegin.o(.ctors)
 *crtbegin?.o(.ctors)
 *(EXCLUDE_FILE(*crtend.o *crtend?.o) .ctors)
 *(SORT_BY_NAME(.ctors.*))
 *(.ctors)
 *crtbegin.o(.dtors)
 *crtbegin?.o(.dtors)
 *(EXCLUDE_FILE(*crtend.o *crtend?.o) .dtors)
 *(SORT_BY_NAME(.dtors.*))
 *(.dtors)
 *(.rodata*)
 .rodata.gpio_dir.str1.1
                0x0000594c       0x18 C:/PROGRA~3/MATLAB/SUPPOR~1/R2023a/3P778C~1.INS/MBEDLI~1.INS/0F0230~1/TARGET_KL25Z/TOOLCHAIN_GCC_ARM/gpio_api.o
 .rodata.gpio_set.str1.1
                0x00005964       0x69 C:/PROGRA~3/MATLAB/SUPPOR~1/R2023a/3P778C~1.INS/MBEDLI~1.INS/0F0230~1/TARGET_KL25Z/TOOLCHAIN_GCC_ARM/gpio_api.o
                                 0x7c (size before relaxing)
 .rodata.mbed_die.str1.1
                0x000059cd       0x7c C:/PROGRA~3/MATLAB/SUPPOR~1/R2023a/3P778C~1.INS/MBEDLI~1.INS/0F0230~1/TARGET_KL25Z/TOOLCHAIN_GCC_ARM/mbed_board.o
                                 0x94 (size before relaxing)
 *fill*         0x00005a49        0x3 
 .rodata.PinMap_PWM
                0x00005a4c      0x1bc C:/PROGRA~3/MATLAB/SUPPOR~1/R2023a/3P778C~1.INS/MBEDLI~1.INS/0F0230~1/TARGET_KL25Z/TOOLCHAIN_GCC_ARM/PeripheralPins.o
                0x00005a4c                PinMap_PWM
 .rodata.PinMap_UART_RX
                0x00005c08       0x6c C:/PROGRA~3/MATLAB/SUPPOR~1/R2023a/3P778C~1.INS/MBEDLI~1.INS/0F0230~1/TARGET_KL25Z/TOOLCHAIN_GCC_ARM/PeripheralPins.o
                0x00005c08                PinMap_UART_RX
 .rodata.PinMap_UART_TX
                0x00005c74       0x6c C:/PROGRA~3/MATLAB/SUPPOR~1/R2023a/3P778C~1.INS/MBEDLI~1.INS/0F0230~1/TARGET_KL25Z/TOOLCHAIN_GCC_ARM/PeripheralPins.o
                0x00005c74                PinMap_UART_TX
 .rodata.pin_function.str1.1
                0x00005ce0       0x67 C:/PROGRA~3/MATLAB/SUPPOR~1/R2023a/3P778C~1.INS/MBEDLI~1.INS/0F0230~1/TARGET_KL25Z/TOOLCHAIN_GCC_ARM/pinmap.o
                                 0x7a (size before relaxing)
 .rodata.pwmout_init.str1.1
                0x00005d47       0x7e C:/PROGRA~3/MATLAB/SUPPOR~1/R2023a/3P778C~1.INS/MBEDLI~1.INS/0F0230~1/TARGET_KL25Z/TOOLCHAIN_GCC_ARM/pwmout_api.o
 .rodata.serial_format.str1.1
                0x00005dc5       0xf6 C:/PROGRA~3/MATLAB/SUPPOR~1/R2023a/3P778C~1.INS/MBEDLI~1.INS/0F0230~1/TARGET_KL25Z/TOOLCHAIN_GCC_ARM/serial_api.o
 .rodata.serial_init.str1.1
                0x00005ebb       0x10 C:/PROGRA~3/MATLAB/SUPPOR~1/R2023a/3P778C~1.INS/MBEDLI~1.INS/0F0230~1/TARGET_KL25Z/TOOLCHAIN_GCC_ARM/serial_api.o
 *fill*         0x00005ecb        0x1 
 .rodata.untitled_M
                0x00005ecc        0x4 untitled.o
                0x00005ecc                untitled_M
 .rodata.gpio_write.str1.1
                0x00005ed0       0x94 C:/ProgramData/MATLAB/SupportPackages/R2023a/3P.instrset/mbedlibrary-stm.instrset/0f02307a0877/TARGET_KL25Z/TOOLCHAIN_GCC_ARM/libmbed.a(mbed_gpio.o)
 .rodata.us_data
                0x00005ed0        0x8 C:/ProgramData/MATLAB/SupportPackages/R2023a/3P.instrset/mbedlibrary-stm.instrset/0f02307a0877/TARGET_KL25Z/TOOLCHAIN_GCC_ARM/libmbed.a(mbed_us_ticker_api.o)
 .rodata.us_interface
                0x00005ed8       0x14 C:/ProgramData/MATLAB/SupportPackages/R2023a/3P.instrset/mbedlibrary-stm.instrset/0f02307a0877/TARGET_KL25Z/TOOLCHAIN_GCC_ARM/libmbed.a(mbed_us_ticker_api.o)
 .rodata.mbed_assert_internal.str1.1
                0x00005eec       0x31 C:/ProgramData/MATLAB/SupportPackages/R2023a/3P.instrset/mbedlibrary-stm.instrset/0f02307a0877/TARGET_KL25Z/TOOLCHAIN_GCC_ARM/libmbed.a(mbed_assert.o)
 .rodata.pinmap_merge.str1.1
                0x00005f1d       0x11 C:/ProgramData/MATLAB/SupportPackages/R2023a/3P.instrset/mbedlibrary-stm.instrset/0f02307a0877/TARGET_KL25Z/TOOLCHAIN_GCC_ARM/libmbed.a(mbed_pinmap_common.o)
 .rodata.pinmap_peripheral.str1.1
                0x00005f2e       0x20 C:/ProgramData/MATLAB/SupportPackages/R2023a/3P.instrset/mbedlibrary-stm.instrset/0f02307a0877/TARGET_KL25Z/TOOLCHAIN_GCC_ARM/libmbed.a(mbed_pinmap_common.o)
 .rodata.pinmap_pinout.str1.1
                0x00005f4e       0x11 C:/ProgramData/MATLAB/SupportPackages/R2023a/3P.instrset/mbedlibrary-stm.instrset/0f02307a0877/TARGET_KL25Z/TOOLCHAIN_GCC_ARM/libmbed.a(mbed_pinmap_common.o)
 .rodata.core_util_critical_section_enter.str1.1
                0x00005f5f       0x8c C:/ProgramData/MATLAB/SupportPackages/R2023a/3P.instrset/mbedlibrary-stm.instrset/0f02307a0877/TARGET_KL25Z/TOOLCHAIN_GCC_ARM/libmbed.a(mbed_critical.o)
 *fill*         0x00005feb        0x1 
 .rodata        0x00005fec       0x80 c:/programdata/matlab/supportpackages/r2023a/3p.instrset/gnuarm-armcortex.instrset/win/bin/../lib/gcc/arm-none-eabi/9.3.1/thumb/v6-m/nofp\libgcc.a(divsf3.o)
 .rodata        0x0000606c       0x40 c:/programdata/matlab/supportpackages/r2023a/3p.instrset/gnuarm-armcortex.instrset/win/bin/../lib/gcc/arm-none-eabi/9.3.1/thumb/v6-m/nofp\libgcc.a(mulsf3.o)
 .rodata        0x000060ac       0x40 c:/programdata/matlab/supportpackages/r2023a/3p.instrset/gnuarm-armcortex.instrset/win/bin/../lib/gcc/arm-none-eabi/9.3.1/thumb/v6-m/nofp\libgcc.a(divdf3.o)
 .rodata        0x000060ec       0x40 c:/programdata/matlab/supportpackages/r2023a/3p.instrset/gnuarm-armcortex.instrset/win/bin/../lib/gcc/arm-none-eabi/9.3.1/thumb/v6-m/nofp\libgcc.a(muldf3.o)
 .rodata.__sf_fake_stderr
                0x0000612c       0x20 c:/programdata/matlab/supportpackages/r2023a/3p.instrset/gnuarm-armcortex.instrset/win/bin/../lib/gcc/arm-none-eabi/9.3.1/../../../../arm-none-eabi/lib/thumb/v6-m/nofp\libc_nano.a(lib_a-findfp.o)
                0x0000612c                __sf_fake_stderr
 .rodata.__sf_fake_stdin
                0x0000614c       0x20 c:/programdata/matlab/supportpackages/r2023a/3p.instrset/gnuarm-armcortex.instrset/win/bin/../lib/gcc/arm-none-eabi/9.3.1/../../../../arm-none-eabi/lib/thumb/v6-m/nofp\libc_nano.a(lib_a-findfp.o)
                0x0000614c                __sf_fake_stdin
 .rodata.__sf_fake_stdout
                0x0000616c       0x20 c:/programdata/matlab/supportpackages/r2023a/3p.instrset/gnuarm-armcortex.instrset/win/bin/../lib/gcc/arm-none-eabi/9.3.1/../../../../arm-none-eabi/lib/thumb/v6-m/nofp\libc_nano.a(lib_a-findfp.o)
                0x0000616c                __sf_fake_stdout
 .rodata._global_impure_ptr
                0x0000618c        0x4 c:/programdata/matlab/supportpackages/r2023a/3p.instrset/gnuarm-armcortex.instrset/win/bin/../lib/gcc/arm-none-eabi/9.3.1/../../../../arm-none-eabi/lib/thumb/v6-m/nofp\libc_nano.a(lib_a-impure.o)
                0x0000618c                _global_impure_ptr
 .rodata._printf_i.str1.1
                0x00006190       0x22 c:/programdata/matlab/supportpackages/r2023a/3p.instrset/gnuarm-armcortex.instrset/win/bin/../lib/gcc/arm-none-eabi/9.3.1/../../../../arm-none-eabi/lib/thumb/v6-m/nofp\libc_nano.a(lib_a-nano-vfprintf_i.o)
 .rodata._svfprintf_r.str1.1
                0x000061b2       0x11 c:/programdata/matlab/supportpackages/r2023a/3p.instrset/gnuarm-armcortex.instrset/win/bin/../lib/gcc/arm-none-eabi/9.3.1/../../../../arm-none-eabi/lib/thumb/v6-m/nofp\libc_nano.a(lib_a-nano-svfprintf.o)
 *(.eh_frame*)
 *fill*         0x000061c3        0x1 
 .eh_frame      0x000061c4        0x0 c:/programdata/matlab/supportpackages/r2023a/3p.instrset/gnuarm-armcortex.instrset/win/bin/../lib/gcc/arm-none-eabi/9.3.1/thumb/v6-m/nofp/crtbegin.o
 .eh_frame      0x000061c4        0x4 c:/programdata/matlab/supportpackages/r2023a/3p.instrset/gnuarm-armcortex.instrset/win/bin/../lib/gcc/arm-none-eabi/9.3.1/thumb/v6-m/nofp/crtend.o

.glue_7         0x000061c8        0x0
 .glue_7        0x000061c8        0x0 linker stubs

.glue_7t        0x000061c8        0x0
 .glue_7t       0x000061c8        0x0 linker stubs

.vfp11_veneer   0x000061c8        0x0
 .vfp11_veneer  0x000061c8        0x0 linker stubs

.v4_bx          0x000061c8        0x0
 .v4_bx         0x000061c8        0x0 linker stubs

.iplt           0x000061c8        0x0
 .iplt          0x000061c8        0x0 c:/programdata/matlab/supportpackages/r2023a/3p.instrset/gnuarm-armcortex.instrset/win/bin/../lib/gcc/arm-none-eabi/9.3.1/thumb/v6-m/nofp/crtbegin.o

.ARM.extab
 *(.ARM.extab* .gnu.linkonce.armextab.*)
                0x000061c8                __exidx_start = .

.ARM.exidx      0x000061c8        0x8
 *(.ARM.exidx* .gnu.linkonce.armexidx.*)
 .ARM.exidx     0x000061c8        0x8 c:/programdata/matlab/supportpackages/r2023a/3p.instrset/gnuarm-armcortex.instrset/win/bin/../lib/gcc/arm-none-eabi/9.3.1/../../../../arm-none-eabi/lib/thumb/v6-m/nofp/crt0.o
                                 0x10 (size before relaxing)
                0x000061d0                __exidx_end = .
                0x000061d0                __etext = .

.rel.dyn        0x000061d0        0x0
 .rel.iplt      0x000061d0        0x0 c:/programdata/matlab/supportpackages/r2023a/3p.instrset/gnuarm-armcortex.instrset/win/bin/../lib/gcc/arm-none-eabi/9.3.1/thumb/v6-m/nofp/crtbegin.o

.data           0x1ffff0c0       0x94 load address 0x000061d0
                0x1ffff0c0                __data_start__ = .
 *(vtable)
 *(.data*)
 .data._ZZ5_sbrkE4heap
                0x1ffff0c0        0x4 C:/PROGRA~3/MATLAB/SUPPOR~1/R2023a/3P778C~1.INS/MBEDLI~1.INS/0F0230~1/TARGET_KL25Z/TOOLCHAIN_GCC_ARM/mbed_retarget.o
 .data.SystemCoreClock
                0x1ffff0c4        0x4 C:/PROGRA~3/MATLAB/SUPPOR~1/R2023a/3P778C~1.INS/MBEDLI~1.INS/0F0230~1/TARGET_KL25Z/TOOLCHAIN_GCC_ARM/system_MKL25Z4.o
                0x1ffff0c4                SystemCoreClock
 .data.untitled_P
                0x1ffff0c8       0x18 untitled_data.o
                0x1ffff0c8                untitled_P
 .data.is_debugger_attached
                0x1ffff0e0        0x4 C:/ProgramData/MATLAB/SupportPackages/R2023a/3P.instrset/mbedlibrary-stm.instrset/0f02307a0877/TARGET_KL25Z/TOOLCHAIN_GCC_ARM/libmbed.a(mbed_semihost_api.o)
 .data._impure_ptr
                0x1ffff0e4        0x4 c:/programdata/matlab/supportpackages/r2023a/3p.instrset/gnuarm-armcortex.instrset/win/bin/../lib/gcc/arm-none-eabi/9.3.1/../../../../arm-none-eabi/lib/thumb/v6-m/nofp\libc_nano.a(lib_a-impure.o)
                0x1ffff0e4                _impure_ptr
 .data.impure_data
                0x1ffff0e8       0x60 c:/programdata/matlab/supportpackages/r2023a/3p.instrset/gnuarm-armcortex.instrset/win/bin/../lib/gcc/arm-none-eabi/9.3.1/../../../../arm-none-eabi/lib/thumb/v6-m/nofp\libc_nano.a(lib_a-impure.o)
                0x1ffff148                . = ALIGN (0x4)
                0x1ffff148                PROVIDE (__preinit_array_start = .)
 *(.preinit_array)
                0x1ffff148                PROVIDE (__preinit_array_end = .)
                0x1ffff148                . = ALIGN (0x4)
                0x1ffff148                PROVIDE (__init_array_start = .)
 *(SORT_BY_NAME(.init_array.*))
 *(.init_array)
 .init_array    0x1ffff148        0x4 c:/programdata/matlab/supportpackages/r2023a/3p.instrset/gnuarm-armcortex.instrset/win/bin/../lib/gcc/arm-none-eabi/9.3.1/thumb/v6-m/nofp/crtbegin.o
 .init_array    0x1ffff14c        0x4 rgbled_wrapper.o
                0x1ffff150                PROVIDE (__init_array_end = .)
                0x1ffff150                . = ALIGN (0x4)
                [!provide]                PROVIDE (__fini_array_start = .)
 *(SORT_BY_NAME(.fini_array.*))
 *(.fini_array)
 .fini_array    0x1ffff150        0x4 c:/programdata/matlab/supportpackages/r2023a/3p.instrset/gnuarm-armcortex.instrset/win/bin/../lib/gcc/arm-none-eabi/9.3.1/thumb/v6-m/nofp/crtbegin.o
                [!provide]                PROVIDE (__fini_array_end = .)
                0x1ffff154                . = ALIGN (0x4)
                0x1ffff154                __data_end__ = .

.igot.plt       0x1ffff154        0x0 load address 0x00006264
 .igot.plt      0x1ffff154        0x0 c:/programdata/matlab/supportpackages/r2023a/3p.instrset/gnuarm-armcortex.instrset/win/bin/../lib/gcc/arm-none-eabi/9.3.1/thumb/v6-m/nofp/crtbegin.o

.bss            0x1ffff154      0x1ac load address 0x00006264
                0x1ffff154                __bss_start__ = .
 *(.bss*)
 .bss           0x1ffff154       0x1c c:/programdata/matlab/supportpackages/r2023a/3p.instrset/gnuarm-armcortex.instrset/win/bin/../lib/gcc/arm-none-eabi/9.3.1/thumb/v6-m/nofp/crtbegin.o
 .bss._ZL11filehandles
                0x1ffff170      0x100 C:/PROGRA~3/MATLAB/SUPPOR~1/R2023a/3P778C~1.INS/MBEDLI~1.INS/0F0230~1/TARGET_KL25Z/TOOLCHAIN_GCC_ARM/mbed_retarget.o
 .bss.mbed_heap_size
                0x1ffff270        0x4 C:/PROGRA~3/MATLAB/SUPPOR~1/R2023a/3P778C~1.INS/MBEDLI~1.INS/0F0230~1/TARGET_KL25Z/TOOLCHAIN_GCC_ARM/mbed_retarget.o
                0x1ffff270                mbed_heap_size
 .bss.mbed_heap_start
                0x1ffff274        0x4 C:/PROGRA~3/MATLAB/SUPPOR~1/R2023a/3P778C~1.INS/MBEDLI~1.INS/0F0230~1/TARGET_KL25Z/TOOLCHAIN_GCC_ARM/mbed_retarget.o
                0x1ffff274                mbed_heap_start
 .bss.pwm_clock
                0x1ffff278        0x4 C:/PROGRA~3/MATLAB/SUPPOR~1/R2023a/3P778C~1.INS/MBEDLI~1.INS/0F0230~1/TARGET_KL25Z/TOOLCHAIN_GCC_ARM/pwmout_api.o
 .bss.stdio_uart_inited
                0x1ffff27c        0x4 C:/PROGRA~3/MATLAB/SUPPOR~1/R2023a/3P778C~1.INS/MBEDLI~1.INS/0F0230~1/TARGET_KL25Z/TOOLCHAIN_GCC_ARM/serial_api.o
                0x1ffff27c                stdio_uart_inited
 .bss.us_ticker_inited
                0x1ffff280        0x4 C:/PROGRA~3/MATLAB/SUPPOR~1/R2023a/3P778C~1.INS/MBEDLI~1.INS/0F0230~1/TARGET_KL25Z/TOOLCHAIN_GCC_ARM/us_ticker.o
 .bss.us_ticker_int_counter
                0x1ffff284        0x4 C:/PROGRA~3/MATLAB/SUPPOR~1/R2023a/3P778C~1.INS/MBEDLI~1.INS/0F0230~1/TARGET_KL25Z/TOOLCHAIN_GCC_ARM/us_ticker.o
 .bss.us_ticker_int_remainder
                0x1ffff288        0x2 C:/PROGRA~3/MATLAB/SUPPOR~1/R2023a/3P778C~1.INS/MBEDLI~1.INS/0F0230~1/TARGET_KL25Z/TOOLCHAIN_GCC_ARM/us_ticker.o
 *fill*         0x1ffff28a        0x2 
 .bss.r         0x1ffff28c        0xc rgbled_wrapper.o
                0x1ffff28c                r
 .bss.g         0x1ffff298        0xc rgbled_wrapper.o
                0x1ffff298                g
 .bss.b         0x1ffff2a4        0xc rgbled_wrapper.o
                0x1ffff2a4                b
 .bss.IsrOverrun
                0x1ffff2b0        0x4 ert_main.o
                0x1ffff2b0                IsrOverrun
 .bss.OverrunFlag
                0x1ffff2b4        0x1 ert_main.o
 .bss.stopRequested
                0x1ffff2b5        0x1 ert_main.o
                0x1ffff2b5                stopRequested
 .bss.runModel  0x1ffff2b6        0x1 ert_main.o
                0x1ffff2b6                runModel
 *fill*         0x1ffff2b7        0x1 
 .bss.untitled_DW
                0x1ffff2b8        0xc untitled.o
                0x1ffff2b8                untitled_DW
 .bss.untitled_M_
                0x1ffff2c4        0x4 untitled.o
 .bss.schdl_counter
                0x1ffff2c8        0x4 SysTickScheduler.o
                0x1ffff2c8                schdl_counter
 .bss.schdl_counter_max
                0x1ffff2cc        0x4 SysTickScheduler.o
                0x1ffff2cc                schdl_counter_max
 .bss.events    0x1ffff2d0        0x8 C:/ProgramData/MATLAB/SupportPackages/R2023a/3P.instrset/mbedlibrary-stm.instrset/0f02307a0877/TARGET_KL25Z/TOOLCHAIN_GCC_ARM/libmbed.a(mbed_us_ticker_api.o)
 .bss.critical_interrupts_disabled
                0x1ffff2d8        0x1 C:/ProgramData/MATLAB/SupportPackages/R2023a/3P.instrset/mbedlibrary-stm.instrset/0f02307a0877/TARGET_KL25Z/TOOLCHAIN_GCC_ARM/libmbed.a(mbed_critical.o)
 *fill*         0x1ffff2d9        0x3 
 .bss.interrupt_enable_counter
                0x1ffff2dc        0x4 C:/ProgramData/MATLAB/SupportPackages/R2023a/3P.instrset/mbedlibrary-stm.instrset/0f02307a0877/TARGET_KL25Z/TOOLCHAIN_GCC_ARM/libmbed.a(mbed_critical.o)
 .bss.__malloc_free_list
                0x1ffff2e0        0x4 c:/programdata/matlab/supportpackages/r2023a/3p.instrset/gnuarm-armcortex.instrset/win/bin/../lib/gcc/arm-none-eabi/9.3.1/../../../../arm-none-eabi/lib/thumb/v6-m/nofp\libc_nano.a(lib_a-nano-mallocr.o)
                0x1ffff2e0                __malloc_free_list
 .bss.__malloc_sbrk_start
                0x1ffff2e4        0x4 c:/programdata/matlab/supportpackages/r2023a/3p.instrset/gnuarm-armcortex.instrset/win/bin/../lib/gcc/arm-none-eabi/9.3.1/../../../../arm-none-eabi/lib/thumb/v6-m/nofp\libc_nano.a(lib_a-nano-mallocr.o)
                0x1ffff2e4                __malloc_sbrk_start
 *(COMMON)
 COMMON         0x1ffff2e8        0x8 C:/PROGRA~3/MATLAB/SUPPOR~1/R2023a/3P778C~1.INS/MBEDLI~1.INS/0F0230~1/TARGET_KL25Z/TOOLCHAIN_GCC_ARM/serial_api.o
                0x1ffff2e8                stdio_uart
 COMMON         0x1ffff2f0        0x9 c:/programdata/matlab/supportpackages/r2023a/3p.instrset/gnuarm-armcortex.instrset/win/bin/../lib/gcc/arm-none-eabi/9.3.1/../../../../arm-none-eabi/lib/thumb/v6-m/nofp\libc_nano.a(lib_a-lock.o)
                0x1ffff2f0                __lock___atexit_recursive_mutex
                0x1ffff2f1                __lock___arc4random_mutex
                0x1ffff2f2                __lock___env_recursive_mutex
                0x1ffff2f3                __lock___sinit_recursive_mutex
                0x1ffff2f4                __lock___malloc_recursive_mutex
                0x1ffff2f5                __lock___at_quick_exit_mutex
                0x1ffff2f6                __lock___dd_hash_mutex
                0x1ffff2f7                __lock___tz_mutex
                0x1ffff2f8                __lock___sfp_recursive_mutex
 *fill*         0x1ffff2f9        0x3 
 COMMON         0x1ffff2fc        0x4 c:/programdata/matlab/supportpackages/r2023a/3p.instrset/gnuarm-armcortex.instrset/win/bin/../lib/gcc/arm-none-eabi/9.3.1/../../../../arm-none-eabi/lib/thumb/v6-m/nofp\libc_nano.a(lib_a-reent.o)
                0x1ffff2fc                errno
                0x1ffff300                __bss_end__ = .

.heap           0x1ffff300       0x80
                0x1ffff300                __end__ = .
                0x1ffff300                end = __end__
 *(.heap*)
 .heap          0x1ffff300       0x80 C:/PROGRA~3/MATLAB/SUPPOR~1/R2023a/3P778C~1.INS/MBEDLI~1.INS/0F0230~1/TARGET_KL25Z/TOOLCHAIN_GCC_ARM/startup_MKL25Z4.o
                0x1ffff300                __HeapBase
                0x1ffff380                __HeapLimit = .

.stack_dummy    0x1ffff300       0x80
 *(.stack)
 .stack         0x1ffff300       0x80 C:/PROGRA~3/MATLAB/SUPPOR~1/R2023a/3P778C~1.INS/MBEDLI~1.INS/0F0230~1/TARGET_KL25Z/TOOLCHAIN_GCC_ARM/startup_MKL25Z4.o
                0x20003000                __StackTop = (ORIGIN (RAM) + LENGTH (RAM))
                0x20002f80                __StackLimit = (__StackTop - SIZEOF (.stack_dummy))
                0x20003000                PROVIDE (__stack = __StackTop)
                0x00000001                ASSERT ((__StackLimit >= __HeapLimit), region RAM overflowed with stack)
OUTPUT(../untitled.elf elf32-littlearm)
LOAD linker stubs

.ARM.attributes
                0x00000000       0x28
 .ARM.attributes
                0x00000000       0x1e c:/programdata/matlab/supportpackages/r2023a/3p.instrset/gnuarm-armcortex.instrset/win/bin/../lib/gcc/arm-none-eabi/9.3.1/thumb/v6-m/nofp/crti.o
 .ARM.attributes
                0x0000001e       0x2c c:/programdata/matlab/supportpackages/r2023a/3p.instrset/gnuarm-armcortex.instrset/win/bin/../lib/gcc/arm-none-eabi/9.3.1/thumb/v6-m/nofp/crtbegin.o
 .ARM.attributes
                0x0000004a       0x1b c:/programdata/matlab/supportpackages/r2023a/3p.instrset/gnuarm-armcortex.instrset/win/bin/../lib/gcc/arm-none-eabi/9.3.1/../../../../arm-none-eabi/lib/thumb/v6-m/nofp/crt0.o
 .ARM.attributes
                0x00000065       0x32 C:/PROGRA~3/MATLAB/SUPPOR~1/R2023a/3P778C~1.INS/MBEDLI~1.INS/0F0230~1/TARGET_KL25Z/TOOLCHAIN_GCC_ARM/cmsis_nvic.o
 .ARM.attributes
                0x00000097       0x1b C:/PROGRA~3/MATLAB/SUPPOR~1/R2023a/3P778C~1.INS/MBEDLI~1.INS/0F0230~1/TARGET_KL25Z/TOOLCHAIN_GCC_ARM/startup_MKL25Z4.o
 .ARM.attributes
                0x000000b2       0x32 C:/PROGRA~3/MATLAB/SUPPOR~1/R2023a/3P778C~1.INS/MBEDLI~1.INS/0F0230~1/TARGET_KL25Z/TOOLCHAIN_GCC_ARM/mbed_retarget.o
 .ARM.attributes
                0x000000e4       0x32 C:/PROGRA~3/MATLAB/SUPPOR~1/R2023a/3P778C~1.INS/MBEDLI~1.INS/0F0230~1/TARGET_KL25Z/TOOLCHAIN_GCC_ARM/system_MKL25Z4.o
 .ARM.attributes
                0x00000116       0x32 C:/PROGRA~3/MATLAB/SUPPOR~1/R2023a/3P778C~1.INS/MBEDLI~1.INS/0F0230~1/TARGET_KL25Z/TOOLCHAIN_GCC_ARM/gpio_api.o
 .ARM.attributes
                0x00000148       0x32 C:/PROGRA~3/MATLAB/SUPPOR~1/R2023a/3P778C~1.INS/MBEDLI~1.INS/0F0230~1/TARGET_KL25Z/TOOLCHAIN_GCC_ARM/mbed_board.o
 .ARM.attributes
                0x0000017a       0x32 C:/PROGRA~3/MATLAB/SUPPOR~1/R2023a/3P778C~1.INS/MBEDLI~1.INS/0F0230~1/TARGET_KL25Z/TOOLCHAIN_GCC_ARM/mbed_overrides.o
 .ARM.attributes
                0x000001ac       0x32 C:/PROGRA~3/MATLAB/SUPPOR~1/R2023a/3P778C~1.INS/MBEDLI~1.INS/0F0230~1/TARGET_KL25Z/TOOLCHAIN_GCC_ARM/PeripheralPins.o
 .ARM.attributes
                0x000001de       0x32 C:/PROGRA~3/MATLAB/SUPPOR~1/R2023a/3P778C~1.INS/MBEDLI~1.INS/0F0230~1/TARGET_KL25Z/TOOLCHAIN_GCC_ARM/pinmap.o
 .ARM.attributes
                0x00000210       0x32 C:/PROGRA~3/MATLAB/SUPPOR~1/R2023a/3P778C~1.INS/MBEDLI~1.INS/0F0230~1/TARGET_KL25Z/TOOLCHAIN_GCC_ARM/pwmout_api.o
 .ARM.attributes
                0x00000242       0x32 C:/PROGRA~3/MATLAB/SUPPOR~1/R2023a/3P778C~1.INS/MBEDLI~1.INS/0F0230~1/TARGET_KL25Z/TOOLCHAIN_GCC_ARM/serial_api.o
 .ARM.attributes
                0x00000274       0x32 C:/PROGRA~3/MATLAB/SUPPOR~1/R2023a/3P778C~1.INS/MBEDLI~1.INS/0F0230~1/TARGET_KL25Z/TOOLCHAIN_GCC_ARM/us_ticker.o
 .ARM.attributes
                0x000002a6       0x2c rgbled_wrapper.o
 .ARM.attributes
                0x000002d2       0x2c ert_main.o
 .ARM.attributes
                0x000002fe       0x2c untitled.o
 .ARM.attributes
                0x0000032a       0x32 untitled_data.o
 .ARM.attributes
                0x0000035c       0x2c BoardInit.o
 .ARM.attributes
                0x00000388       0x2c SysTickScheduler.o
 .ARM.attributes
                0x000003b4       0x2c m0m1m0plus_multitasking.o
 .ARM.attributes
                0x000003e0       0x32 C:/ProgramData/MATLAB/SupportPackages/R2023a/3P.instrset/mbedlibrary-stm.instrset/0f02307a0877/TARGET_KL25Z/TOOLCHAIN_GCC_ARM/libmbed.a(mbed_gpio.o)
 .ARM.attributes
                0x00000412       0x32 C:/ProgramData/MATLAB/SupportPackages/R2023a/3P.instrset/mbedlibrary-stm.instrset/0f02307a0877/TARGET_KL25Z/TOOLCHAIN_GCC_ARM/libmbed.a(mbed_us_ticker_api.o)
 .ARM.attributes
                0x00000444       0x32 C:/ProgramData/MATLAB/SupportPackages/R2023a/3P.instrset/mbedlibrary-stm.instrset/0f02307a0877/TARGET_KL25Z/TOOLCHAIN_GCC_ARM/libmbed.a(mbed_ticker_api.o)
 .ARM.attributes
                0x00000476       0x32 C:/ProgramData/MATLAB/SupportPackages/R2023a/3P.instrset/mbedlibrary-stm.instrset/0f02307a0877/TARGET_KL25Z/TOOLCHAIN_GCC_ARM/libmbed.a(mbed_assert.o)
 .ARM.attributes
                0x000004a8       0x32 C:/ProgramData/MATLAB/SupportPackages/R2023a/3P.instrset/mbedlibrary-stm.instrset/0f02307a0877/TARGET_KL25Z/TOOLCHAIN_GCC_ARM/libmbed.a(mbed_pinmap_common.o)
 .ARM.attributes
                0x000004da       0x32 C:/ProgramData/MATLAB/SupportPackages/R2023a/3P.instrset/mbedlibrary-stm.instrset/0f02307a0877/TARGET_KL25Z/TOOLCHAIN_GCC_ARM/libmbed.a(mbed_error.o)
 .ARM.attributes
                0x0000050c       0x32 C:/ProgramData/MATLAB/SupportPackages/R2023a/3P.instrset/mbedlibrary-stm.instrset/0f02307a0877/TARGET_KL25Z/TOOLCHAIN_GCC_ARM/libmbed.a(mbed_critical.o)
 .ARM.attributes
                0x0000053e       0x32 C:/ProgramData/MATLAB/SupportPackages/R2023a/3P.instrset/mbedlibrary-stm.instrset/0f02307a0877/TARGET_KL25Z/TOOLCHAIN_GCC_ARM/libmbed.a(mbed_wait_api_no_rtos.o)
 .ARM.attributes
                0x00000570       0x32 C:/ProgramData/MATLAB/SupportPackages/R2023a/3P.instrset/mbedlibrary-stm.instrset/0f02307a0877/TARGET_KL25Z/TOOLCHAIN_GCC_ARM/libmbed.a(mbed_interface.o)
 .ARM.attributes
                0x000005a2       0x32 C:/ProgramData/MATLAB/SupportPackages/R2023a/3P.instrset/mbedlibrary-stm.instrset/0f02307a0877/TARGET_KL25Z/TOOLCHAIN_GCC_ARM/libmbed.a(mbed_semihost_api.o)
 .ARM.attributes
                0x000005d4       0x2c c:/programdata/matlab/supportpackages/r2023a/3p.instrset/gnuarm-armcortex.instrset/win/bin/../lib/gcc/arm-none-eabi/9.3.1/../../../../arm-none-eabi/lib/thumb/v6-m/nofp\libm.a(lib_a-s_ceil.o)
 .ARM.attributes
                0x00000600       0x2c c:/programdata/matlab/supportpackages/r2023a/3p.instrset/gnuarm-armcortex.instrset/win/bin/../lib/gcc/arm-none-eabi/9.3.1/../../../../arm-none-eabi/lib/thumb/v6-m/nofp\libm.a(lib_a-s_floor.o)
 .ARM.attributes
                0x0000062c       0x1e c:/programdata/matlab/supportpackages/r2023a/3p.instrset/gnuarm-armcortex.instrset/win/bin/../lib/gcc/arm-none-eabi/9.3.1/thumb/v6-m/nofp\libgcc.a(_udivsi3.o)
 .ARM.attributes
                0x0000064a       0x1e c:/programdata/matlab/supportpackages/r2023a/3p.instrset/gnuarm-armcortex.instrset/win/bin/../lib/gcc/arm-none-eabi/9.3.1/thumb/v6-m/nofp\libgcc.a(_dvmd_tls.o)
 .ARM.attributes
                0x00000668       0x1e c:/programdata/matlab/supportpackages/r2023a/3p.instrset/gnuarm-armcortex.instrset/win/bin/../lib/gcc/arm-none-eabi/9.3.1/thumb/v6-m/nofp\libgcc.a(_arm_cmpdf2.o)
 .ARM.attributes
                0x00000686       0x1e c:/programdata/matlab/supportpackages/r2023a/3p.instrset/gnuarm-armcortex.instrset/win/bin/../lib/gcc/arm-none-eabi/9.3.1/thumb/v6-m/nofp\libgcc.a(_arm_cmpsf2.o)
 .ARM.attributes
                0x000006a4       0x2c c:/programdata/matlab/supportpackages/r2023a/3p.instrset/gnuarm-armcortex.instrset/win/bin/../lib/gcc/arm-none-eabi/9.3.1/thumb/v6-m/nofp\libgcc.a(_fixunssfsi.o)
 .ARM.attributes
                0x000006d0       0x2c c:/programdata/matlab/supportpackages/r2023a/3p.instrset/gnuarm-armcortex.instrset/win/bin/../lib/gcc/arm-none-eabi/9.3.1/thumb/v6-m/nofp\libgcc.a(_fixunsdfsi.o)
 .ARM.attributes
                0x000006fc       0x2c c:/programdata/matlab/supportpackages/r2023a/3p.instrset/gnuarm-armcortex.instrset/win/bin/../lib/gcc/arm-none-eabi/9.3.1/thumb/v6-m/nofp\libgcc.a(divsf3.o)
 .ARM.attributes
                0x00000728       0x2c c:/programdata/matlab/supportpackages/r2023a/3p.instrset/gnuarm-armcortex.instrset/win/bin/../lib/gcc/arm-none-eabi/9.3.1/thumb/v6-m/nofp\libgcc.a(eqsf2.o)
 .ARM.attributes
                0x00000754       0x2c c:/programdata/matlab/supportpackages/r2023a/3p.instrset/gnuarm-armcortex.instrset/win/bin/../lib/gcc/arm-none-eabi/9.3.1/thumb/v6-m/nofp\libgcc.a(gesf2.o)
 .ARM.attributes
                0x00000780       0x2c c:/programdata/matlab/supportpackages/r2023a/3p.instrset/gnuarm-armcortex.instrset/win/bin/../lib/gcc/arm-none-eabi/9.3.1/thumb/v6-m/nofp\libgcc.a(lesf2.o)
 .ARM.attributes
                0x000007ac       0x2c c:/programdata/matlab/supportpackages/r2023a/3p.instrset/gnuarm-armcortex.instrset/win/bin/../lib/gcc/arm-none-eabi/9.3.1/thumb/v6-m/nofp\libgcc.a(mulsf3.o)
 .ARM.attributes
                0x000007d8       0x2c c:/programdata/matlab/supportpackages/r2023a/3p.instrset/gnuarm-armcortex.instrset/win/bin/../lib/gcc/arm-none-eabi/9.3.1/thumb/v6-m/nofp\libgcc.a(subsf3.o)
 .ARM.attributes
                0x00000804       0x2c c:/programdata/matlab/supportpackages/r2023a/3p.instrset/gnuarm-armcortex.instrset/win/bin/../lib/gcc/arm-none-eabi/9.3.1/thumb/v6-m/nofp\libgcc.a(fixsfsi.o)
 .ARM.attributes
                0x00000830       0x2c c:/programdata/matlab/supportpackages/r2023a/3p.instrset/gnuarm-armcortex.instrset/win/bin/../lib/gcc/arm-none-eabi/9.3.1/thumb/v6-m/nofp\libgcc.a(floatsisf.o)
 .ARM.attributes
                0x0000085c       0x2c c:/programdata/matlab/supportpackages/r2023a/3p.instrset/gnuarm-armcortex.instrset/win/bin/../lib/gcc/arm-none-eabi/9.3.1/thumb/v6-m/nofp\libgcc.a(floatunsisf.o)
 .ARM.attributes
                0x00000888       0x2c c:/programdata/matlab/supportpackages/r2023a/3p.instrset/gnuarm-armcortex.instrset/win/bin/../lib/gcc/arm-none-eabi/9.3.1/thumb/v6-m/nofp\libgcc.a(adddf3.o)
 .ARM.attributes
                0x000008b4       0x2c c:/programdata/matlab/supportpackages/r2023a/3p.instrset/gnuarm-armcortex.instrset/win/bin/../lib/gcc/arm-none-eabi/9.3.1/thumb/v6-m/nofp\libgcc.a(divdf3.o)
 .ARM.attributes
                0x000008e0       0x2c c:/programdata/matlab/supportpackages/r2023a/3p.instrset/gnuarm-armcortex.instrset/win/bin/../lib/gcc/arm-none-eabi/9.3.1/thumb/v6-m/nofp\libgcc.a(eqdf2.o)
 .ARM.attributes
                0x0000090c       0x2c c:/programdata/matlab/supportpackages/r2023a/3p.instrset/gnuarm-armcortex.instrset/win/bin/../lib/gcc/arm-none-eabi/9.3.1/thumb/v6-m/nofp\libgcc.a(gedf2.o)
 .ARM.attributes
                0x00000938       0x2c c:/programdata/matlab/supportpackages/r2023a/3p.instrset/gnuarm-armcortex.instrset/win/bin/../lib/gcc/arm-none-eabi/9.3.1/thumb/v6-m/nofp\libgcc.a(ledf2.o)
 .ARM.attributes
                0x00000964       0x2c c:/programdata/matlab/supportpackages/r2023a/3p.instrset/gnuarm-armcortex.instrset/win/bin/../lib/gcc/arm-none-eabi/9.3.1/thumb/v6-m/nofp\libgcc.a(muldf3.o)
 .ARM.attributes
                0x00000990       0x2c c:/programdata/matlab/supportpackages/r2023a/3p.instrset/gnuarm-armcortex.instrset/win/bin/../lib/gcc/arm-none-eabi/9.3.1/thumb/v6-m/nofp\libgcc.a(subdf3.o)
 .ARM.attributes
                0x000009bc       0x2c c:/programdata/matlab/supportpackages/r2023a/3p.instrset/gnuarm-armcortex.instrset/win/bin/../lib/gcc/arm-none-eabi/9.3.1/thumb/v6-m/nofp\libgcc.a(fixdfsi.o)
 .ARM.attributes
                0x000009e8       0x2c c:/programdata/matlab/supportpackages/r2023a/3p.instrset/gnuarm-armcortex.instrset/win/bin/../lib/gcc/arm-none-eabi/9.3.1/thumb/v6-m/nofp\libgcc.a(floatsidf.o)
 .ARM.attributes
                0x00000a14       0x2c c:/programdata/matlab/supportpackages/r2023a/3p.instrset/gnuarm-armcortex.instrset/win/bin/../lib/gcc/arm-none-eabi/9.3.1/thumb/v6-m/nofp\libgcc.a(truncdfsf2.o)
 .ARM.attributes
                0x00000a40       0x1e c:/programdata/matlab/supportpackages/r2023a/3p.instrset/gnuarm-armcortex.instrset/win/bin/../lib/gcc/arm-none-eabi/9.3.1/thumb/v6-m/nofp\libgcc.a(_clzsi2.o)
 .ARM.attributes
                0x00000a5e       0x2c c:/programdata/matlab/supportpackages/r2023a/3p.instrset/gnuarm-armcortex.instrset/win/bin/../lib/gcc/arm-none-eabi/9.3.1/../../../../arm-none-eabi/lib/thumb/v6-m/nofp\libc_nano.a(lib_a-errno.o)
 .ARM.attributes
                0x00000a8a       0x2c c:/programdata/matlab/supportpackages/r2023a/3p.instrset/gnuarm-armcortex.instrset/win/bin/../lib/gcc/arm-none-eabi/9.3.1/../../../../arm-none-eabi/lib/thumb/v6-m/nofp\libc_nano.a(lib_a-exit.o)
 .ARM.attributes
                0x00000ab6       0x2c c:/programdata/matlab/supportpackages/r2023a/3p.instrset/gnuarm-armcortex.instrset/win/bin/../lib/gcc/arm-none-eabi/9.3.1/../../../../arm-none-eabi/lib/thumb/v6-m/nofp\libc_nano.a(lib_a-fflush.o)
 .ARM.attributes
                0x00000ae2       0x2c c:/programdata/matlab/supportpackages/r2023a/3p.instrset/gnuarm-armcortex.instrset/win/bin/../lib/gcc/arm-none-eabi/9.3.1/../../../../arm-none-eabi/lib/thumb/v6-m/nofp\libc_nano.a(lib_a-findfp.o)
 .ARM.attributes
                0x00000b0e       0x2c c:/programdata/matlab/supportpackages/r2023a/3p.instrset/gnuarm-armcortex.instrset/win/bin/../lib/gcc/arm-none-eabi/9.3.1/../../../../arm-none-eabi/lib/thumb/v6-m/nofp\libc_nano.a(lib_a-fwalk.o)
 .ARM.attributes
                0x00000b3a       0x2c c:/programdata/matlab/supportpackages/r2023a/3p.instrset/gnuarm-armcortex.instrset/win/bin/../lib/gcc/arm-none-eabi/9.3.1/../../../../arm-none-eabi/lib/thumb/v6-m/nofp\libc_nano.a(lib_a-impure.o)
 .ARM.attributes
                0x00000b66       0x2c c:/programdata/matlab/supportpackages/r2023a/3p.instrset/gnuarm-armcortex.instrset/win/bin/../lib/gcc/arm-none-eabi/9.3.1/../../../../arm-none-eabi/lib/thumb/v6-m/nofp\libc_nano.a(lib_a-init.o)
 .ARM.attributes
                0x00000b92       0x2c c:/programdata/matlab/supportpackages/r2023a/3p.instrset/gnuarm-armcortex.instrset/win/bin/../lib/gcc/arm-none-eabi/9.3.1/../../../../arm-none-eabi/lib/thumb/v6-m/nofp\libc_nano.a(lib_a-lock.o)
 .ARM.attributes
                0x00000bbe       0x2c c:/programdata/matlab/supportpackages/r2023a/3p.instrset/gnuarm-armcortex.instrset/win/bin/../lib/gcc/arm-none-eabi/9.3.1/../../../../arm-none-eabi/lib/thumb/v6-m/nofp\libc_nano.a(lib_a-memchr-stub.o)
 .ARM.attributes
                0x00000bea       0x2c c:/programdata/matlab/supportpackages/r2023a/3p.instrset/gnuarm-armcortex.instrset/win/bin/../lib/gcc/arm-none-eabi/9.3.1/../../../../arm-none-eabi/lib/thumb/v6-m/nofp\libc_nano.a(lib_a-memcpy-stub.o)
 .ARM.attributes
                0x00000c16       0x2c c:/programdata/matlab/supportpackages/r2023a/3p.instrset/gnuarm-armcortex.instrset/win/bin/../lib/gcc/arm-none-eabi/9.3.1/../../../../arm-none-eabi/lib/thumb/v6-m/nofp\libc_nano.a(lib_a-memset.o)
 .ARM.attributes
                0x00000c42       0x2c c:/programdata/matlab/supportpackages/r2023a/3p.instrset/gnuarm-armcortex.instrset/win/bin/../lib/gcc/arm-none-eabi/9.3.1/../../../../arm-none-eabi/lib/thumb/v6-m/nofp\libc_nano.a(lib_a-nano-freer.o)
 .ARM.attributes
                0x00000c6e       0x2c c:/programdata/matlab/supportpackages/r2023a/3p.instrset/gnuarm-armcortex.instrset/win/bin/../lib/gcc/arm-none-eabi/9.3.1/../../../../arm-none-eabi/lib/thumb/v6-m/nofp\libc_nano.a(lib_a-nano-mallocr.o)
 .ARM.attributes
                0x00000c9a       0x2c c:/programdata/matlab/supportpackages/r2023a/3p.instrset/gnuarm-armcortex.instrset/win/bin/../lib/gcc/arm-none-eabi/9.3.1/../../../../arm-none-eabi/lib/thumb/v6-m/nofp\libc_nano.a(lib_a-nano-vfprintf_i.o)
 .ARM.attributes
                0x00000cc6       0x2c c:/programdata/matlab/supportpackages/r2023a/3p.instrset/gnuarm-armcortex.instrset/win/bin/../lib/gcc/arm-none-eabi/9.3.1/../../../../arm-none-eabi/lib/thumb/v6-m/nofp\libc_nano.a(lib_a-reent.o)
 .ARM.attributes
                0x00000cf2       0x2c c:/programdata/matlab/supportpackages/r2023a/3p.instrset/gnuarm-armcortex.instrset/win/bin/../lib/gcc/arm-none-eabi/9.3.1/../../../../arm-none-eabi/lib/thumb/v6-m/nofp\libc_nano.a(lib_a-sbrkr.o)
 .ARM.attributes
                0x00000d1e       0x2c c:/programdata/matlab/supportpackages/r2023a/3p.instrset/gnuarm-armcortex.instrset/win/bin/../lib/gcc/arm-none-eabi/9.3.1/../../../../arm-none-eabi/lib/thumb/v6-m/nofp\libc_nano.a(lib_a-stdio.o)
 .ARM.attributes
                0x00000d4a       0x2c c:/programdata/matlab/supportpackages/r2023a/3p.instrset/gnuarm-armcortex.instrset/win/bin/../lib/gcc/arm-none-eabi/9.3.1/../../../../arm-none-eabi/lib/thumb/v6-m/nofp\libc_nano.a(lib_a-vsnprintf.o)
 .ARM.attributes
                0x00000d76       0x2c c:/programdata/matlab/supportpackages/r2023a/3p.instrset/gnuarm-armcortex.instrset/win/bin/../lib/gcc/arm-none-eabi/9.3.1/../../../../arm-none-eabi/lib/thumb/v6-m/nofp\libc_nano.a(lib_a-writer.o)
 .ARM.attributes
                0x00000da2       0x2c c:/programdata/matlab/supportpackages/r2023a/3p.instrset/gnuarm-armcortex.instrset/win/bin/../lib/gcc/arm-none-eabi/9.3.1/../../../../arm-none-eabi/lib/thumb/v6-m/nofp\libc_nano.a(lib_a-closer.o)
 .ARM.attributes
                0x00000dce       0x2c c:/programdata/matlab/supportpackages/r2023a/3p.instrset/gnuarm-armcortex.instrset/win/bin/../lib/gcc/arm-none-eabi/9.3.1/../../../../arm-none-eabi/lib/thumb/v6-m/nofp\libc_nano.a(lib_a-lseekr.o)
 .ARM.attributes
                0x00000dfa       0x2c c:/programdata/matlab/supportpackages/r2023a/3p.instrset/gnuarm-armcortex.instrset/win/bin/../lib/gcc/arm-none-eabi/9.3.1/../../../../arm-none-eabi/lib/thumb/v6-m/nofp\libc_nano.a(lib_a-memmove.o)
 .ARM.attributes
                0x00000e26       0x2c c:/programdata/matlab/supportpackages/r2023a/3p.instrset/gnuarm-armcortex.instrset/win/bin/../lib/gcc/arm-none-eabi/9.3.1/../../../../arm-none-eabi/lib/thumb/v6-m/nofp\libc_nano.a(lib_a-nano-reallocr.o)
 .ARM.attributes
                0x00000e52       0x2c c:/programdata/matlab/supportpackages/r2023a/3p.instrset/gnuarm-armcortex.instrset/win/bin/../lib/gcc/arm-none-eabi/9.3.1/../../../../arm-none-eabi/lib/thumb/v6-m/nofp\libc_nano.a(lib_a-nano-svfprintf.o)
 .ARM.attributes
                0x00000e7e       0x2c c:/programdata/matlab/supportpackages/r2023a/3p.instrset/gnuarm-armcortex.instrset/win/bin/../lib/gcc/arm-none-eabi/9.3.1/../../../../arm-none-eabi/lib/thumb/v6-m/nofp\libc_nano.a(lib_a-readr.o)
 .ARM.attributes
                0x00000eaa       0x2c c:/programdata/matlab/supportpackages/r2023a/3p.instrset/gnuarm-armcortex.instrset/win/bin/../lib/gcc/arm-none-eabi/9.3.1/../../../../arm-none-eabi/lib/thumb/v6-m/nofp\libc_nano.a(lib_a-nano-msizer.o)
 .ARM.attributes
                0x00000ed6       0x1e c:/programdata/matlab/supportpackages/r2023a/3p.instrset/gnuarm-armcortex.instrset/win/bin/../lib/gcc/arm-none-eabi/9.3.1/thumb/v6-m/nofp\libgcc.a(_thumb1_case_shi.o)
 .ARM.attributes
                0x00000ef4       0x2c c:/programdata/matlab/supportpackages/r2023a/3p.instrset/gnuarm-armcortex.instrset/win/bin/../lib/gcc/arm-none-eabi/9.3.1/thumb/v6-m/nofp/crtend.o
 .ARM.attributes
                0x00000f20       0x1e c:/programdata/matlab/supportpackages/r2023a/3p.instrset/gnuarm-armcortex.instrset/win/bin/../lib/gcc/arm-none-eabi/9.3.1/thumb/v6-m/nofp/crtn.o

.comment        0x00000000       0xcb
 .comment       0x00000000       0x7f C:/PROGRA~3/MATLAB/SUPPOR~1/R2023a/3P778C~1.INS/MBEDLI~1.INS/0F0230~1/TARGET_KL25Z/TOOLCHAIN_GCC_ARM/cmsis_nvic.o
                                 0x80 (size before relaxing)
 .comment       0x0000007f       0x80 C:/PROGRA~3/MATLAB/SUPPOR~1/R2023a/3P778C~1.INS/MBEDLI~1.INS/0F0230~1/TARGET_KL25Z/TOOLCHAIN_GCC_ARM/mbed_retarget.o
 .comment       0x0000007f       0x80 C:/PROGRA~3/MATLAB/SUPPOR~1/R2023a/3P778C~1.INS/MBEDLI~1.INS/0F0230~1/TARGET_KL25Z/TOOLCHAIN_GCC_ARM/system_MKL25Z4.o
 .comment       0x0000007f       0x80 C:/PROGRA~3/MATLAB/SUPPOR~1/R2023a/3P778C~1.INS/MBEDLI~1.INS/0F0230~1/TARGET_KL25Z/TOOLCHAIN_GCC_ARM/gpio_api.o
 .comment       0x0000007f       0x80 C:/PROGRA~3/MATLAB/SUPPOR~1/R2023a/3P778C~1.INS/MBEDLI~1.INS/0F0230~1/TARGET_KL25Z/TOOLCHAIN_GCC_ARM/mbed_board.o
 .comment       0x0000007f       0x80 C:/PROGRA~3/MATLAB/SUPPOR~1/R2023a/3P778C~1.INS/MBEDLI~1.INS/0F0230~1/TARGET_KL25Z/TOOLCHAIN_GCC_ARM/mbed_overrides.o
 .comment       0x0000007f       0x80 C:/PROGRA~3/MATLAB/SUPPOR~1/R2023a/3P778C~1.INS/MBEDLI~1.INS/0F0230~1/TARGET_KL25Z/TOOLCHAIN_GCC_ARM/PeripheralPins.o
 .comment       0x0000007f       0x80 C:/PROGRA~3/MATLAB/SUPPOR~1/R2023a/3P778C~1.INS/MBEDLI~1.INS/0F0230~1/TARGET_KL25Z/TOOLCHAIN_GCC_ARM/pinmap.o
 .comment       0x0000007f       0x80 C:/PROGRA~3/MATLAB/SUPPOR~1/R2023a/3P778C~1.INS/MBEDLI~1.INS/0F0230~1/TARGET_KL25Z/TOOLCHAIN_GCC_ARM/pwmout_api.o
 .comment       0x0000007f       0x80 C:/PROGRA~3/MATLAB/SUPPOR~1/R2023a/3P778C~1.INS/MBEDLI~1.INS/0F0230~1/TARGET_KL25Z/TOOLCHAIN_GCC_ARM/serial_api.o
 .comment       0x0000007f       0x80 C:/PROGRA~3/MATLAB/SUPPOR~1/R2023a/3P778C~1.INS/MBEDLI~1.INS/0F0230~1/TARGET_KL25Z/TOOLCHAIN_GCC_ARM/us_ticker.o
 .comment       0x0000007f       0x4c rgbled_wrapper.o
                                 0x4d (size before relaxing)
 .comment       0x000000cb       0x4d ert_main.o
 .comment       0x000000cb       0x4d untitled.o
 .comment       0x000000cb       0x4d untitled_data.o
 .comment       0x000000cb       0x4d BoardInit.o
 .comment       0x000000cb       0x4d SysTickScheduler.o
 .comment       0x000000cb       0x4d m0m1m0plus_multitasking.o
 .comment       0x000000cb       0x80 C:/ProgramData/MATLAB/SupportPackages/R2023a/3P.instrset/mbedlibrary-stm.instrset/0f02307a0877/TARGET_KL25Z/TOOLCHAIN_GCC_ARM/libmbed.a(mbed_gpio.o)
 .comment       0x000000cb       0x80 C:/ProgramData/MATLAB/SupportPackages/R2023a/3P.instrset/mbedlibrary-stm.instrset/0f02307a0877/TARGET_KL25Z/TOOLCHAIN_GCC_ARM/libmbed.a(mbed_us_ticker_api.o)
 .comment       0x000000cb       0x80 C:/ProgramData/MATLAB/SupportPackages/R2023a/3P.instrset/mbedlibrary-stm.instrset/0f02307a0877/TARGET_KL25Z/TOOLCHAIN_GCC_ARM/libmbed.a(mbed_ticker_api.o)
 .comment       0x000000cb       0x80 C:/ProgramData/MATLAB/SupportPackages/R2023a/3P.instrset/mbedlibrary-stm.instrset/0f02307a0877/TARGET_KL25Z/TOOLCHAIN_GCC_ARM/libmbed.a(mbed_assert.o)
 .comment       0x000000cb       0x80 C:/ProgramData/MATLAB/SupportPackages/R2023a/3P.instrset/mbedlibrary-stm.instrset/0f02307a0877/TARGET_KL25Z/TOOLCHAIN_GCC_ARM/libmbed.a(mbed_pinmap_common.o)
 .comment       0x000000cb       0x80 C:/ProgramData/MATLAB/SupportPackages/R2023a/3P.instrset/mbedlibrary-stm.instrset/0f02307a0877/TARGET_KL25Z/TOOLCHAIN_GCC_ARM/libmbed.a(mbed_error.o)
 .comment       0x000000cb       0x80 C:/ProgramData/MATLAB/SupportPackages/R2023a/3P.instrset/mbedlibrary-stm.instrset/0f02307a0877/TARGET_KL25Z/TOOLCHAIN_GCC_ARM/libmbed.a(mbed_critical.o)
 .comment       0x000000cb       0x80 C:/ProgramData/MATLAB/SupportPackages/R2023a/3P.instrset/mbedlibrary-stm.instrset/0f02307a0877/TARGET_KL25Z/TOOLCHAIN_GCC_ARM/libmbed.a(mbed_wait_api_no_rtos.o)
 .comment       0x000000cb       0x80 C:/ProgramData/MATLAB/SupportPackages/R2023a/3P.instrset/mbedlibrary-stm.instrset/0f02307a0877/TARGET_KL25Z/TOOLCHAIN_GCC_ARM/libmbed.a(mbed_interface.o)
 .comment       0x000000cb       0x80 C:/ProgramData/MATLAB/SupportPackages/R2023a/3P.instrset/mbedlibrary-stm.instrset/0f02307a0877/TARGET_KL25Z/TOOLCHAIN_GCC_ARM/libmbed.a(mbed_semihost_api.o)

.debug_frame    0x00000000      0xc04
 .debug_frame   0x00000000       0x38 c:/programdata/matlab/supportpackages/r2023a/3p.instrset/gnuarm-armcortex.instrset/win/bin/../lib/gcc/arm-none-eabi/9.3.1/../../../../arm-none-eabi/lib/thumb/v6-m/nofp\libm.a(lib_a-s_ceil.o)
 .debug_frame   0x00000038       0x38 c:/programdata/matlab/supportpackages/r2023a/3p.instrset/gnuarm-armcortex.instrset/win/bin/../lib/gcc/arm-none-eabi/9.3.1/../../../../arm-none-eabi/lib/thumb/v6-m/nofp\libm.a(lib_a-s_floor.o)
 .debug_frame   0x00000070       0x20 c:/programdata/matlab/supportpackages/r2023a/3p.instrset/gnuarm-armcortex.instrset/win/bin/../lib/gcc/arm-none-eabi/9.3.1/thumb/v6-m/nofp\libgcc.a(_udivsi3.o)
 .debug_frame   0x00000090       0x28 c:/programdata/matlab/supportpackages/r2023a/3p.instrset/gnuarm-armcortex.instrset/win/bin/../lib/gcc/arm-none-eabi/9.3.1/thumb/v6-m/nofp\libgcc.a(_fixunssfsi.o)
 .debug_frame   0x000000b8       0x2c c:/programdata/matlab/supportpackages/r2023a/3p.instrset/gnuarm-armcortex.instrset/win/bin/../lib/gcc/arm-none-eabi/9.3.1/thumb/v6-m/nofp\libgcc.a(_fixunsdfsi.o)
 .debug_frame   0x000000e4       0x38 c:/programdata/matlab/supportpackages/r2023a/3p.instrset/gnuarm-armcortex.instrset/win/bin/../lib/gcc/arm-none-eabi/9.3.1/thumb/v6-m/nofp\libgcc.a(divsf3.o)
 .debug_frame   0x0000011c       0x2c c:/programdata/matlab/supportpackages/r2023a/3p.instrset/gnuarm-armcortex.instrset/win/bin/../lib/gcc/arm-none-eabi/9.3.1/thumb/v6-m/nofp\libgcc.a(eqsf2.o)
 .debug_frame   0x00000148       0x30 c:/programdata/matlab/supportpackages/r2023a/3p.instrset/gnuarm-armcortex.instrset/win/bin/../lib/gcc/arm-none-eabi/9.3.1/thumb/v6-m/nofp\libgcc.a(gesf2.o)
 .debug_frame   0x00000178       0x30 c:/programdata/matlab/supportpackages/r2023a/3p.instrset/gnuarm-armcortex.instrset/win/bin/../lib/gcc/arm-none-eabi/9.3.1/thumb/v6-m/nofp\libgcc.a(lesf2.o)
 .debug_frame   0x000001a8       0x3c c:/programdata/matlab/supportpackages/r2023a/3p.instrset/gnuarm-armcortex.instrset/win/bin/../lib/gcc/arm-none-eabi/9.3.1/thumb/v6-m/nofp\libgcc.a(mulsf3.o)